******************************************************************************
            TI ARM Clang Linker PC v3.2.2                      
******************************************************************************
>> Linked Tue Aug 27 08:36:07 2024

OUTPUT FILE NAME:   <adc12_max_freq_dma_LP_MSPM0G3507_nortos_ticlang.out>
ENTRY POINT SYMBOL: "_c_int00_noargs"  address: 000004e5


MEMORY CONFIGURATION

         name            origin    length      used     unused   attr    fill
----------------------  --------  ---------  --------  --------  ----  --------
  FLASH                 00000000   00020000  000005d0  0001fa30  R  X
  SRAM                  20200000   00008000  00000abd  00007543  RW X
  BCR_CONFIG            41c00000   00000080  00000000  00000080  R   
  BSL_CONFIG            41c00100   00000080  00000000  00000080  R   


SEGMENT ALLOCATION MAP

run origin  load origin   length   init length attrs members
----------  ----------- ---------- ----------- ----- -------
00000000    00000000    000005d0   000005d0    r-x
  00000000    00000000    000000c0   000000c0    r-- .intvecs
  000000c0    000000c0    000004c0   000004c0    r-x .text
  00000580    00000580    00000038   00000038    r-- .rodata
  000005b8    000005b8    00000018   00000018    r-- .cinit
20200000    20200000    000008bd   00000000    rw-
  20200000    20200000    000008bd   00000000    rw- .bss
20207e00    20207e00    00000200   00000000    rw-
  20207e00    20207e00    00000200   00000000    rw- .stack


SECTION ALLOCATION MAP

 output                                  attributes/
section   page    origin      length       input sections
--------  ----  ----------  ----------   ----------------
.intvecs   0    00000000    000000c0     
                  00000000    000000c0     startup_mspm0g350x_ticlang.o (.intvecs)

.text      0    000000c0    000004c0     
                  000000c0    000000e8     driverlib.a : dl_timer.o (.text.DL_Timer_initTimerMode)
                  000001a8    000000a0     ti_msp_dl_config.o (.text.SYSCFG_DL_ADC12_0_init)
                  00000248    00000062     libc.a : memset16.S.obj (.text:memset)
                  000002aa    00000002     startup_mspm0g350x_ticlang.o (.text.Default_Handler)
                  000002ac    00000060     adc12_max_freq_dma.o (.text.main)
                  0000030c    0000004c     driverlib.a : dl_dma.o (.text.DL_DMA_initChannel)
                  00000358    00000040                 : dl_adc12.o (.text.DL_ADC12_setClockConfig)
                  00000398    00000040     ti_msp_dl_config.o (.text.SYSCFG_DL_TIMER_0_init)
                  000003d8    00000040     ti_msp_dl_config.o (.text.SYSCFG_DL_initPower)
                  00000418    0000003c     libc.a : autoinit.c.obj (.text:__TI_auto_init_nobinit_nopinit)
                  00000454    00000038     adc12_max_freq_dma.o (.text.ADC0_IRQHandler)
                  0000048c    00000030     ti_msp_dl_config.o (.text.SYSCFG_DL_SYSCTL_init)
                  000004bc    00000028     ti_msp_dl_config.o (.text.SYSCFG_DL_init)
                  000004e4    00000028     libc.a : boot_cortex_m.c.obj (.text:_c_int00_noargs)
                  0000050c    0000001c     driverlib.a : dl_timer.o (.text.DL_Timer_setClockConfig)
                  00000528    00000018     ti_msp_dl_config.o (.text.SYSCFG_DL_DMA_CH0_init)
                  00000540    00000010     libc.a : copy_zero_init.c.obj (.text:decompress:ZI)
                  00000550    0000000c     libclang_rt.builtins.a : aeabi_memset.S.obj (.text.__aeabi_memclr)
                  0000055c    0000000a     driverlib.a : dl_common.o (.text.DL_Common_delayCycles)
                  00000566    00000008     ti_msp_dl_config.o (.text.SYSCFG_DL_DMA_init)
                  0000056e    00000004     startup_mspm0g350x_ticlang.o (.text.Reset_Handler)
                  00000572    00000004     libc.a : pre_init.c.obj (.text._system_pre_init)
                  00000576    00000004            : exit.c.obj (.text:abort)
                  0000057a    00000002     ti_msp_dl_config.o (.text.SYSCFG_DL_GPIO_init)
                  0000057c    00000004     --HOLE-- [fill = 0]

.cinit     0    000005b8    00000018     
                  000005b8    00000008     (.cinit..bss.load) [load image, compression = zero_init]
                  000005c0    00000004     (__TI_handler_table)
                  000005c4    00000008     (__TI_cinit_table)
                  000005cc    00000004     --HOLE-- [fill = 0]

.rodata    0    00000580    00000038     
                  00000580    00000018     ti_msp_dl_config.o (.rodata.gDMA_CH0Config)
                  00000598    00000014     ti_msp_dl_config.o (.rodata.gTIMER_0TimerConfig)
                  000005ac    00000008     ti_msp_dl_config.o (.rodata.gADC12_0ClockConfig)
                  000005b4    00000003     ti_msp_dl_config.o (.rodata.gTIMER_0ClockConfig)
                  000005b7    00000001     --HOLE-- [fill = 0]

.init_array 
*          0    00000000    00000000     UNINITIALIZED

.binit     0    00000000    00000000     

.bss       0    20200000    000008bd     UNINITIALIZED
                  20200000    00000800     (.common:gADCSamples)
                  20200800    000000bc     (.common:gTIMER_0Backup)
                  202008bc    00000001     (.common:gCheckADC)

.stack     0    20207e00    00000200     UNINITIALIZED
                  20207e00    00000004     libc.a : boot_cortex_m.c.obj (.stack)
                  20207e04    000001fc     --HOLE--

__llvm_prf_cnts 
*          0    20200000    00000000     UNINITIALIZED

__llvm_prf_bits 
*          0    20200000    00000000     UNINITIALIZED

MODULE SUMMARY

       Module                         code   ro data   rw data
       ------                         ----   -------   -------
    .\
       adc12_max_freq_dma.o           152    0         2049   
       ti_msp_dl_config.o             410    55        188    
       startup_mspm0g350x_ticlang.o   6      192       0      
    +--+------------------------------+------+---------+---------+
       Total:                         568    247       2237   
                                                              
    D:/ti/mspm0_sdk_2_01_00_03/source/ti/driverlib/lib/ticlang/m0p/mspm0g1x0x_g3x0x/driverlib.a
       dl_timer.o                     260    0         0      
       dl_dma.o                       76     0         0      
       dl_adc12.o                     64     0         0      
       dl_common.o                    10     0         0      
    +--+------------------------------+------+---------+---------+
       Total:                         410    0         0      
                                                              
    D:\CCS_theia\ccs\tools\compiler\ti-cgt-armllvm_3.2.2.LTS\lib\armv6m-ti-none-eabi/c/libc.a
       memset16.S.obj                 98     0         0      
       autoinit.c.obj                 60     0         0      
       boot_cortex_m.c.obj            40     0         0      
       copy_zero_init.c.obj           16     0         0      
       exit.c.obj                     4      0         0      
       pre_init.c.obj                 4      0         0      
    +--+------------------------------+------+---------+---------+
       Total:                         222    0         0      
                                                              
    D:\CCS_theia\ccs\tools\compiler\ti-cgt-armllvm_3.2.2.LTS\lib\clang/15.0.7/lib/armv6m-ti-none-eabi/libclang_rt.builtins.a
       aeabi_memset.S.obj             12     0         0      
    +--+------------------------------+------+---------+---------+
       Total:                         12     0         0      
                                                              
       Stack:                         0      0         512    
       Linker Generated:              0      20        0      
    +--+------------------------------+------+---------+---------+
       Grand Total:                   1212   267       2749   


LINKER GENERATED COPY TABLES

__TI_cinit_table @ 000005c4 records: 1, size/record: 8, table size: 8
	.bss: load addr=000005b8, load size=00000008 bytes, run addr=20200000, run size=000008bd bytes, compression=zero_init


LINKER GENERATED HANDLER TABLE

__TI_handler_table @ 000005c0 records: 1, size/record: 4, table size: 4
	index: 0, handler: __TI_zero_init


GLOBAL SYMBOLS: SORTED ALPHABETICALLY BY Name 

address   name                          
-------   ----                          
00000455  ADC0_IRQHandler               
000002ab  ADC1_IRQHandler               
000002ab  AES_IRQHandler                
00000576  C$$EXIT                       
000002ab  CANFD0_IRQHandler             
000002ab  DAC0_IRQHandler               
00000359  DL_ADC12_setClockConfig       
0000055d  DL_Common_delayCycles         
0000030d  DL_DMA_initChannel            
000000c1  DL_Timer_initTimerMode        
0000050d  DL_Timer_setClockConfig       
000002ab  DMA_IRQHandler                
000002ab  Default_Handler               
000002ab  GROUP0_IRQHandler             
000002ab  GROUP1_IRQHandler             
000002ab  HardFault_Handler             
000002ab  I2C0_IRQHandler               
000002ab  I2C1_IRQHandler               
000002ab  NMI_Handler                   
000002ab  PendSV_Handler                
000002ab  RTC_IRQHandler                
0000056f  Reset_Handler                 
000002ab  SPI0_IRQHandler               
000002ab  SPI1_IRQHandler               
000002ab  SVC_Handler                   
000001a9  SYSCFG_DL_ADC12_0_init        
00000529  SYSCFG_DL_DMA_CH0_init        
00000567  SYSCFG_DL_DMA_init            
0000057b  SYSCFG_DL_GPIO_init           
0000048d  SYSCFG_DL_SYSCTL_init         
00000399  SYSCFG_DL_TIMER_0_init        
000004bd  SYSCFG_DL_init                
000003d9  SYSCFG_DL_initPower           
000002ab  SysTick_Handler               
000002ab  TIMA0_IRQHandler              
000002ab  TIMA1_IRQHandler              
000002ab  TIMG0_IRQHandler              
000002ab  TIMG12_IRQHandler             
000002ab  TIMG6_IRQHandler              
000002ab  TIMG7_IRQHandler              
000002ab  TIMG8_IRQHandler              
000002ab  UART0_IRQHandler              
000002ab  UART1_IRQHandler              
000002ab  UART2_IRQHandler              
000002ab  UART3_IRQHandler              
20208000  __STACK_END                   
00000200  __STACK_SIZE                  
00000000  __TI_ATRegion0_region_sz      
00000000  __TI_ATRegion0_src_addr       
00000000  __TI_ATRegion0_trg_addr       
00000000  __TI_ATRegion1_region_sz      
00000000  __TI_ATRegion1_src_addr       
00000000  __TI_ATRegion1_trg_addr       
00000000  __TI_ATRegion2_region_sz      
00000000  __TI_ATRegion2_src_addr       
00000000  __TI_ATRegion2_trg_addr       
000005c4  __TI_CINIT_Base               
000005cc  __TI_CINIT_Limit              
000005cc  __TI_CINIT_Warm               
000005c0  __TI_Handler_Table_Base       
000005c4  __TI_Handler_Table_Limit      
00000419  __TI_auto_init_nobinit_nopinit
ffffffff  __TI_pprof_out_hndl           
ffffffff  __TI_prof_data_size           
ffffffff  __TI_prof_data_start          
00000000  __TI_static_base__            
00000541  __TI_zero_init                
00000551  __aeabi_memclr                
00000551  __aeabi_memclr4               
00000551  __aeabi_memclr8               
ffffffff  __binit__                     
UNDEFED   __mpu_init                    
20207e00  __stack                       
20200000  __start___llvm_prf_bits       
20200000  __start___llvm_prf_cnts       
20200000  __stop___llvm_prf_bits        
20200000  __stop___llvm_prf_cnts        
000004e5  _c_int00_noargs               
UNDEFED   _system_post_cinit            
00000573  _system_pre_init              
00000577  abort                         
ffffffff  binit                         
20200000  gADCSamples                   
202008bc  gCheckADC                     
20200800  gTIMER_0Backup                
00000000  interruptVectors              
000002ad  main                          
00000249  memset                        


GLOBAL SYMBOLS: SORTED BY Symbol Address 

address   name                          
-------   ----                          
00000000  __TI_ATRegion0_region_sz      
00000000  __TI_ATRegion0_src_addr       
00000000  __TI_ATRegion0_trg_addr       
00000000  __TI_ATRegion1_region_sz      
00000000  __TI_ATRegion1_src_addr       
00000000  __TI_ATRegion1_trg_addr       
00000000  __TI_ATRegion2_region_sz      
00000000  __TI_ATRegion2_src_addr       
00000000  __TI_ATRegion2_trg_addr       
00000000  __TI_static_base__            
00000000  interruptVectors              
000000c1  DL_Timer_initTimerMode        
000001a9  SYSCFG_DL_ADC12_0_init        
00000200  __STACK_SIZE                  
00000249  memset                        
000002ab  ADC1_IRQHandler               
000002ab  AES_IRQHandler                
000002ab  CANFD0_IRQHandler             
000002ab  DAC0_IRQHandler               
000002ab  DMA_IRQHandler                
000002ab  Default_Handler               
000002ab  GROUP0_IRQHandler             
000002ab  GROUP1_IRQHandler             
000002ab  HardFault_Handler             
000002ab  I2C0_IRQHandler               
000002ab  I2C1_IRQHandler               
000002ab  NMI_Handler                   
000002ab  PendSV_Handler                
000002ab  RTC_IRQHandler                
000002ab  SPI0_IRQHandler               
000002ab  SPI1_IRQHandler               
000002ab  SVC_Handler                   
000002ab  SysTick_Handler               
000002ab  TIMA0_IRQHandler              
000002ab  TIMA1_IRQHandler              
000002ab  TIMG0_IRQHandler              
000002ab  TIMG12_IRQHandler             
000002ab  TIMG6_IRQHandler              
000002ab  TIMG7_IRQHandler              
000002ab  TIMG8_IRQHandler              
000002ab  UART0_IRQHandler              
000002ab  UART1_IRQHandler              
000002ab  UART2_IRQHandler              
000002ab  UART3_IRQHandler              
000002ad  main                          
0000030d  DL_DMA_initChannel            
00000359  DL_ADC12_setClockConfig       
00000399  SYSCFG_DL_TIMER_0_init        
000003d9  SYSCFG_DL_initPower           
00000419  __TI_auto_init_nobinit_nopinit
00000455  ADC0_IRQHandler               
0000048d  SYSCFG_DL_SYSCTL_init         
000004bd  SYSCFG_DL_init                
000004e5  _c_int00_noargs               
0000050d  DL_Timer_setClockConfig       
00000529  SYSCFG_DL_DMA_CH0_init        
00000541  __TI_zero_init                
00000551  __aeabi_memclr                
00000551  __aeabi_memclr4               
00000551  __aeabi_memclr8               
0000055d  DL_Common_delayCycles         
00000567  SYSCFG_DL_DMA_init            
0000056f  Reset_Handler                 
00000573  _system_pre_init              
00000576  C$$EXIT                       
00000577  abort                         
0000057b  SYSCFG_DL_GPIO_init           
000005c0  __TI_Handler_Table_Base       
000005c4  __TI_CINIT_Base               
000005c4  __TI_Handler_Table_Limit      
000005cc  __TI_CINIT_Limit              
000005cc  __TI_CINIT_Warm               
20200000  __start___llvm_prf_bits       
20200000  __start___llvm_prf_cnts       
20200000  __stop___llvm_prf_bits        
20200000  __stop___llvm_prf_cnts        
20200000  gADCSamples                   
20200800  gTIMER_0Backup                
202008bc  gCheckADC                     
20207e00  __stack                       
20208000  __STACK_END                   
ffffffff  __TI_pprof_out_hndl           
ffffffff  __TI_prof_data_size           
ffffffff  __TI_prof_data_start          
ffffffff  __binit__                     
ffffffff  binit                         
UNDEFED   __mpu_init                    
UNDEFED   _system_post_cinit            

[88 symbols]
