<?xml version="1.0" encoding="ISO-8859-1" ?>
<link_info>
   <banner>TI ARM Clang Linker PC v3.2.2.LTS</banner>
   <copyright>Copyright (c) 1996-2018 Texas Instruments Incorporated</copyright>
   <link_time>0x66cf3a5d</link_time>
   <link_errors>0x0</link_errors>
   <output_file>C:\Users\he\workspace_ccstheia\adc_timer_dma_1\Debug\adc_timer_dma_1.out</output_file>
   <entry_point>
      <name>_c_int00_noargs</name>
      <address>0x7191</address>
   </entry_point>
   <input_file_list>
      <input_file id="fl-1">
         <path>C:\Users\he\workspace_ccstheia\adc_timer_dma_1\Debug\.\</path>
         <kind>object</kind>
         <file>adc_timer_dma_1.o</file>
         <name>adc_timer_dma_1.o</name>
      </input_file>
      <input_file id="fl-2">
         <path>C:\Users\he\workspace_ccstheia\adc_timer_dma_1\Debug\.\</path>
         <kind>object</kind>
         <file>ti_msp_dl_config.o</file>
         <name>ti_msp_dl_config.o</name>
      </input_file>
      <input_file id="fl-3">
         <path>C:\Users\he\workspace_ccstheia\adc_timer_dma_1\Debug\.\</path>
         <kind>object</kind>
         <file>startup_mspm0g350x_ticlang.o</file>
         <name>startup_mspm0g350x_ticlang.o</name>
      </input_file>
      <input_file id="fl-4">
         <path>C:\Users\he\workspace_ccstheia\adc_timer_dma_1\Debug\.\</path>
         <kind>object</kind>
         <file>fft.o</file>
         <name>fft.o</name>
      </input_file>
      <input_file id="fl-5">
         <path>C:\Users\he\workspace_ccstheia\adc_timer_dma_1\Debug\.\OLED\</path>
         <kind>object</kind>
         <file>oled.o</file>
         <name>oled.o</name>
      </input_file>
      <input_file id="fl-12">
         <path>C:\Users\he\workspace_ccstheia\adc_timer_dma_1\Debug\</path>
         <kind>object</kind>
         <file>&lt;internal&gt;</file>
         <name>&lt;internal&gt;</name>
      </input_file>
      <input_file id="fl-13">
         <path>E:\ti\mspm0_sdk_2_01_00_03\source\ti\driverlib\lib\ticlang\m0p\mspm0g1x0x_g3x0x\</path>
         <kind>archive</kind>
         <file>driverlib.a</file>
         <name>dl_adc12.o</name>
      </input_file>
      <input_file id="fl-14">
         <path>E:\ti\mspm0_sdk_2_01_00_03\source\ti\driverlib\lib\ticlang\m0p\mspm0g1x0x_g3x0x\</path>
         <kind>archive</kind>
         <file>driverlib.a</file>
         <name>dl_common.o</name>
      </input_file>
      <input_file id="fl-15">
         <path>E:\ti\mspm0_sdk_2_01_00_03\source\ti\driverlib\lib\ticlang\m0p\mspm0g1x0x_g3x0x\</path>
         <kind>archive</kind>
         <file>driverlib.a</file>
         <name>dl_dma.o</name>
      </input_file>
      <input_file id="fl-16">
         <path>E:\ti\mspm0_sdk_2_01_00_03\source\ti\driverlib\lib\ticlang\m0p\mspm0g1x0x_g3x0x\</path>
         <kind>archive</kind>
         <file>driverlib.a</file>
         <name>dl_i2c.o</name>
      </input_file>
      <input_file id="fl-17">
         <path>E:\ti\mspm0_sdk_2_01_00_03\source\ti\driverlib\lib\ticlang\m0p\mspm0g1x0x_g3x0x\</path>
         <kind>archive</kind>
         <file>driverlib.a</file>
         <name>dl_timer.o</name>
      </input_file>
      <input_file id="fl-26">
         <path>E:\ti\ccstheia141\ccs\tools\compiler\ti-cgt-armllvm_3.2.2.LTS\lib\armv6m-ti-none-eabi\c\</path>
         <kind>archive</kind>
         <file>libc.a</file>
         <name>sprintf.c.obj</name>
      </input_file>
      <input_file id="fl-27">
         <path>E:\ti\ccstheia141\ccs\tools\compiler\ti-cgt-armllvm_3.2.2.LTS\lib\armv6m-ti-none-eabi\c\</path>
         <kind>archive</kind>
         <file>libc.a</file>
         <name>e_pow.c.obj</name>
      </input_file>
      <input_file id="fl-28">
         <path>E:\ti\ccstheia141\ccs\tools\compiler\ti-cgt-armllvm_3.2.2.LTS\lib\armv6m-ti-none-eabi\c\</path>
         <kind>archive</kind>
         <file>libc.a</file>
         <name>e_sqrt.c.obj</name>
      </input_file>
      <input_file id="fl-29">
         <path>E:\ti\ccstheia141\ccs\tools\compiler\ti-cgt-armllvm_3.2.2.LTS\lib\armv6m-ti-none-eabi\c\</path>
         <kind>archive</kind>
         <file>libc.a</file>
         <name>s_cos.c.obj</name>
      </input_file>
      <input_file id="fl-2a">
         <path>E:\ti\ccstheia141\ccs\tools\compiler\ti-cgt-armllvm_3.2.2.LTS\lib\armv6m-ti-none-eabi\c\</path>
         <kind>archive</kind>
         <file>libc.a</file>
         <name>s_scalbn.c.obj</name>
      </input_file>
      <input_file id="fl-2b">
         <path>E:\ti\ccstheia141\ccs\tools\compiler\ti-cgt-armllvm_3.2.2.LTS\lib\armv6m-ti-none-eabi\c\</path>
         <kind>archive</kind>
         <file>libc.a</file>
         <name>s_sin.c.obj</name>
      </input_file>
      <input_file id="fl-2c">
         <path>E:\ti\ccstheia141\ccs\tools\compiler\ti-cgt-armllvm_3.2.2.LTS\lib\armv6m-ti-none-eabi\c\</path>
         <kind>archive</kind>
         <file>libc.a</file>
         <name>aeabi_portable.c.obj</name>
      </input_file>
      <input_file id="fl-2d">
         <path>E:\ti\ccstheia141\ccs\tools\compiler\ti-cgt-armllvm_3.2.2.LTS\lib\armv6m-ti-none-eabi\c\</path>
         <kind>archive</kind>
         <file>libc.a</file>
         <name>k_rem_pio2.c.obj</name>
      </input_file>
      <input_file id="fl-2e">
         <path>E:\ti\ccstheia141\ccs\tools\compiler\ti-cgt-armllvm_3.2.2.LTS\lib\armv6m-ti-none-eabi\c\</path>
         <kind>archive</kind>
         <file>libc.a</file>
         <name>assert.c.obj</name>
      </input_file>
      <input_file id="fl-2f">
         <path>E:\ti\ccstheia141\ccs\tools\compiler\ti-cgt-armllvm_3.2.2.LTS\lib\armv6m-ti-none-eabi\c\</path>
         <kind>archive</kind>
         <file>libc.a</file>
         <name>defs.c.obj</name>
      </input_file>
      <input_file id="fl-30">
         <path>E:\ti\ccstheia141\ccs\tools\compiler\ti-cgt-armllvm_3.2.2.LTS\lib\armv6m-ti-none-eabi\c\</path>
         <kind>archive</kind>
         <file>libc.a</file>
         <name>memory.c.obj</name>
      </input_file>
      <input_file id="fl-31">
         <path>E:\ti\ccstheia141\ccs\tools\compiler\ti-cgt-armllvm_3.2.2.LTS\lib\armv6m-ti-none-eabi\c\</path>
         <kind>archive</kind>
         <file>libc.a</file>
         <name>boot_cortex_m.c.obj</name>
      </input_file>
      <input_file id="fl-32">
         <path>E:\ti\ccstheia141\ccs\tools\compiler\ti-cgt-armllvm_3.2.2.LTS\lib\armv6m-ti-none-eabi\c\</path>
         <kind>archive</kind>
         <file>libc.a</file>
         <name>mathacl_init.c.obj</name>
      </input_file>
      <input_file id="fl-33">
         <path>E:\ti\ccstheia141\ccs\tools\compiler\ti-cgt-armllvm_3.2.2.LTS\lib\armv6m-ti-none-eabi\c\</path>
         <kind>archive</kind>
         <file>libc.a</file>
         <name>autoinit.c.obj</name>
      </input_file>
      <input_file id="fl-34">
         <path>E:\ti\ccstheia141\ccs\tools\compiler\ti-cgt-armllvm_3.2.2.LTS\lib\armv6m-ti-none-eabi\c\</path>
         <kind>archive</kind>
         <file>libc.a</file>
         <name>pre_init.c.obj</name>
      </input_file>
      <input_file id="fl-35">
         <path>E:\ti\ccstheia141\ccs\tools\compiler\ti-cgt-armllvm_3.2.2.LTS\lib\armv6m-ti-none-eabi\c\</path>
         <kind>archive</kind>
         <file>libc.a</file>
         <name>cpy_tbl.c.obj</name>
      </input_file>
      <input_file id="fl-36">
         <path>E:\ti\ccstheia141\ccs\tools\compiler\ti-cgt-armllvm_3.2.2.LTS\lib\armv6m-ti-none-eabi\c\</path>
         <kind>archive</kind>
         <file>libc.a</file>
         <name>copy_zero_init.c.obj</name>
      </input_file>
      <input_file id="fl-37">
         <path>E:\ti\ccstheia141\ccs\tools\compiler\ti-cgt-armllvm_3.2.2.LTS\lib\armv6m-ti-none-eabi\c\</path>
         <kind>archive</kind>
         <file>libc.a</file>
         <name>copy_decompress_none.c.obj</name>
      </input_file>
      <input_file id="fl-38">
         <path>E:\ti\ccstheia141\ccs\tools\compiler\ti-cgt-armllvm_3.2.2.LTS\lib\armv6m-ti-none-eabi\c\</path>
         <kind>archive</kind>
         <file>libc.a</file>
         <name>copy_decompress_lzss.c.obj</name>
      </input_file>
      <input_file id="fl-39">
         <path>E:\ti\ccstheia141\ccs\tools\compiler\ti-cgt-armllvm_3.2.2.LTS\lib\armv6m-ti-none-eabi\c\</path>
         <kind>archive</kind>
         <file>libc.a</file>
         <name>_printfi.c.obj</name>
      </input_file>
      <input_file id="fl-3a">
         <path>E:\ti\ccstheia141\ccs\tools\compiler\ti-cgt-armllvm_3.2.2.LTS\lib\armv6m-ti-none-eabi\c\</path>
         <kind>archive</kind>
         <file>libc.a</file>
         <name>fflush.c.obj</name>
      </input_file>
      <input_file id="fl-3b">
         <path>E:\ti\ccstheia141\ccs\tools\compiler\ti-cgt-armllvm_3.2.2.LTS\lib\armv6m-ti-none-eabi\c\</path>
         <kind>archive</kind>
         <file>libc.a</file>
         <name>fputs.c.obj</name>
      </input_file>
      <input_file id="fl-3c">
         <path>E:\ti\ccstheia141\ccs\tools\compiler\ti-cgt-armllvm_3.2.2.LTS\lib\armv6m-ti-none-eabi\c\</path>
         <kind>archive</kind>
         <file>libc.a</file>
         <name>_io_perm.c.obj</name>
      </input_file>
      <input_file id="fl-3d">
         <path>E:\ti\ccstheia141\ccs\tools\compiler\ti-cgt-armllvm_3.2.2.LTS\lib\armv6m-ti-none-eabi\c\</path>
         <kind>archive</kind>
         <file>libc.a</file>
         <name>setvbuf.c.obj</name>
      </input_file>
      <input_file id="fl-3e">
         <path>E:\ti\ccstheia141\ccs\tools\compiler\ti-cgt-armllvm_3.2.2.LTS\lib\armv6m-ti-none-eabi\c\</path>
         <kind>archive</kind>
         <file>libc.a</file>
         <name>k_cos.c.obj</name>
      </input_file>
      <input_file id="fl-3f">
         <path>E:\ti\ccstheia141\ccs\tools\compiler\ti-cgt-armllvm_3.2.2.LTS\lib\armv6m-ti-none-eabi\c\</path>
         <kind>archive</kind>
         <file>libc.a</file>
         <name>k_sin.c.obj</name>
      </input_file>
      <input_file id="fl-40">
         <path>E:\ti\ccstheia141\ccs\tools\compiler\ti-cgt-armllvm_3.2.2.LTS\lib\armv6m-ti-none-eabi\c\</path>
         <kind>archive</kind>
         <file>libc.a</file>
         <name>s_floor.c.obj</name>
      </input_file>
      <input_file id="fl-41">
         <path>E:\ti\ccstheia141\ccs\tools\compiler\ti-cgt-armllvm_3.2.2.LTS\lib\armv6m-ti-none-eabi\c\</path>
         <kind>archive</kind>
         <file>libc.a</file>
         <name>s_frexp.c.obj</name>
      </input_file>
      <input_file id="fl-42">
         <path>E:\ti\ccstheia141\ccs\tools\compiler\ti-cgt-armllvm_3.2.2.LTS\lib\armv6m-ti-none-eabi\c\</path>
         <kind>archive</kind>
         <file>libc.a</file>
         <name>exit.c.obj</name>
      </input_file>
      <input_file id="fl-43">
         <path>E:\ti\ccstheia141\ccs\tools\compiler\ti-cgt-armllvm_3.2.2.LTS\lib\armv6m-ti-none-eabi\c\</path>
         <kind>archive</kind>
         <file>libc.a</file>
         <name>_lock.c.obj</name>
      </input_file>
      <input_file id="fl-44">
         <path>E:\ti\ccstheia141\ccs\tools\compiler\ti-cgt-armllvm_3.2.2.LTS\lib\armv6m-ti-none-eabi\c\</path>
         <kind>archive</kind>
         <file>libc.a</file>
         <name>_ltoa.c.obj</name>
      </input_file>
      <input_file id="fl-45">
         <path>E:\ti\ccstheia141\ccs\tools\compiler\ti-cgt-armllvm_3.2.2.LTS\lib\armv6m-ti-none-eabi\c\</path>
         <kind>archive</kind>
         <file>libc.a</file>
         <name>args_main.c.obj</name>
      </input_file>
      <input_file id="fl-46">
         <path>E:\ti\ccstheia141\ccs\tools\compiler\ti-cgt-armllvm_3.2.2.LTS\lib\armv6m-ti-none-eabi\c\</path>
         <kind>archive</kind>
         <file>libc.a</file>
         <name>atoi.c.obj</name>
      </input_file>
      <input_file id="fl-47">
         <path>E:\ti\ccstheia141\ccs\tools\compiler\ti-cgt-armllvm_3.2.2.LTS\lib\armv6m-ti-none-eabi\c\</path>
         <kind>archive</kind>
         <file>libc.a</file>
         <name>memccpy.c.obj</name>
      </input_file>
      <input_file id="fl-48">
         <path>E:\ti\ccstheia141\ccs\tools\compiler\ti-cgt-armllvm_3.2.2.LTS\lib\armv6m-ti-none-eabi\c\</path>
         <kind>archive</kind>
         <file>libc.a</file>
         <name>wcslen.c.obj</name>
      </input_file>
      <input_file id="fl-49">
         <path>E:\ti\ccstheia141\ccs\tools\compiler\ti-cgt-armllvm_3.2.2.LTS\lib\armv6m-ti-none-eabi\c\</path>
         <kind>archive</kind>
         <file>libc.a</file>
         <name>fopen.c.obj</name>
      </input_file>
      <input_file id="fl-4a">
         <path>E:\ti\ccstheia141\ccs\tools\compiler\ti-cgt-armllvm_3.2.2.LTS\lib\armv6m-ti-none-eabi\c\</path>
         <kind>archive</kind>
         <file>libc.a</file>
         <name>fseek.c.obj</name>
      </input_file>
      <input_file id="fl-4b">
         <path>E:\ti\ccstheia141\ccs\tools\compiler\ti-cgt-armllvm_3.2.2.LTS\lib\armv6m-ti-none-eabi\c\</path>
         <kind>archive</kind>
         <file>libc.a</file>
         <name>aeabi_ctype.S.obj</name>
      </input_file>
      <input_file id="fl-4c">
         <path>E:\ti\ccstheia141\ccs\tools\compiler\ti-cgt-armllvm_3.2.2.LTS\lib\armv6m-ti-none-eabi\c\</path>
         <kind>archive</kind>
         <file>libc.a</file>
         <name>fclose.c.obj</name>
      </input_file>
      <input_file id="fl-b2">
         <path>E:\ti\ccstheia141\ccs\tools\compiler\ti-cgt-armllvm_3.2.2.LTS\lib\armv6m-ti-none-eabi\c\</path>
         <kind>archive</kind>
         <file>libsysbm.a</file>
         <name>write.c.obj</name>
      </input_file>
      <input_file id="fl-b3">
         <path>E:\ti\ccstheia141\ccs\tools\compiler\ti-cgt-armllvm_3.2.2.LTS\lib\armv6m-ti-none-eabi\c\</path>
         <kind>archive</kind>
         <file>libsysbm.a</file>
         <name>host_device.c.obj</name>
      </input_file>
      <input_file id="fl-b4">
         <path>E:\ti\ccstheia141\ccs\tools\compiler\ti-cgt-armllvm_3.2.2.LTS\lib\armv6m-ti-none-eabi\c\</path>
         <kind>archive</kind>
         <file>libsysbm.a</file>
         <name>remove.c.obj</name>
      </input_file>
      <input_file id="fl-b5">
         <path>E:\ti\ccstheia141\ccs\tools\compiler\ti-cgt-armllvm_3.2.2.LTS\lib\armv6m-ti-none-eabi\c\</path>
         <kind>archive</kind>
         <file>libsysbm.a</file>
         <name>open.c.obj</name>
      </input_file>
      <input_file id="fl-b6">
         <path>E:\ti\ccstheia141\ccs\tools\compiler\ti-cgt-armllvm_3.2.2.LTS\lib\armv6m-ti-none-eabi\c\</path>
         <kind>archive</kind>
         <file>libsysbm.a</file>
         <name>lseek.c.obj</name>
      </input_file>
      <input_file id="fl-b7">
         <path>E:\ti\ccstheia141\ccs\tools\compiler\ti-cgt-armllvm_3.2.2.LTS\lib\armv6m-ti-none-eabi\c\</path>
         <kind>archive</kind>
         <file>libsysbm.a</file>
         <name>close.c.obj</name>
      </input_file>
      <input_file id="fl-b8">
         <path>E:\ti\ccstheia141\ccs\tools\compiler\ti-cgt-armllvm_3.2.2.LTS\lib\armv6m-ti-none-eabi\c\</path>
         <kind>archive</kind>
         <file>libsysbm.a</file>
         <name>unlink.c.obj</name>
      </input_file>
      <input_file id="fl-b9">
         <path>E:\ti\ccstheia141\ccs\tools\compiler\ti-cgt-armllvm_3.2.2.LTS\lib\armv6m-ti-none-eabi\c\</path>
         <kind>archive</kind>
         <file>libsysbm.a</file>
         <name>hostclose.c.obj</name>
      </input_file>
      <input_file id="fl-ba">
         <path>E:\ti\ccstheia141\ccs\tools\compiler\ti-cgt-armllvm_3.2.2.LTS\lib\armv6m-ti-none-eabi\c\</path>
         <kind>archive</kind>
         <file>libsysbm.a</file>
         <name>hostlseek.c.obj</name>
      </input_file>
      <input_file id="fl-bb">
         <path>E:\ti\ccstheia141\ccs\tools\compiler\ti-cgt-armllvm_3.2.2.LTS\lib\armv6m-ti-none-eabi\c\</path>
         <kind>archive</kind>
         <file>libsysbm.a</file>
         <name>hostopen.c.obj</name>
      </input_file>
      <input_file id="fl-bc">
         <path>E:\ti\ccstheia141\ccs\tools\compiler\ti-cgt-armllvm_3.2.2.LTS\lib\armv6m-ti-none-eabi\c\</path>
         <kind>archive</kind>
         <file>libsysbm.a</file>
         <name>hostread.c.obj</name>
      </input_file>
      <input_file id="fl-bd">
         <path>E:\ti\ccstheia141\ccs\tools\compiler\ti-cgt-armllvm_3.2.2.LTS\lib\armv6m-ti-none-eabi\c\</path>
         <kind>archive</kind>
         <file>libsysbm.a</file>
         <name>hostrename.c.obj</name>
      </input_file>
      <input_file id="fl-be">
         <path>E:\ti\ccstheia141\ccs\tools\compiler\ti-cgt-armllvm_3.2.2.LTS\lib\armv6m-ti-none-eabi\c\</path>
         <kind>archive</kind>
         <file>libsysbm.a</file>
         <name>hostunlink.c.obj</name>
      </input_file>
      <input_file id="fl-bf">
         <path>E:\ti\ccstheia141\ccs\tools\compiler\ti-cgt-armllvm_3.2.2.LTS\lib\armv6m-ti-none-eabi\c\</path>
         <kind>archive</kind>
         <file>libsysbm.a</file>
         <name>hostwrite.c.obj</name>
      </input_file>
      <input_file id="fl-c0">
         <path>E:\ti\ccstheia141\ccs\tools\compiler\ti-cgt-armllvm_3.2.2.LTS\lib\armv6m-ti-none-eabi\c\</path>
         <kind>archive</kind>
         <file>libsysbm.a</file>
         <name>trgmsg.c.obj</name>
      </input_file>
      <input_file id="fl-c1">
         <path>E:\ti\ccstheia141\ccs\tools\compiler\ti-cgt-armllvm_3.2.2.LTS\lib\clang\15.0.7\lib\armv6m-ti-none-eabi\</path>
         <kind>archive</kind>
         <file>libclang_rt.builtins.a</file>
         <name>addsf3.S.obj</name>
      </input_file>
      <input_file id="fl-c2">
         <path>E:\ti\ccstheia141\ccs\tools\compiler\ti-cgt-armllvm_3.2.2.LTS\lib\clang\15.0.7\lib\armv6m-ti-none-eabi\</path>
         <kind>archive</kind>
         <file>libclang_rt.builtins.a</file>
         <name>adddf3.S.obj</name>
      </input_file>
      <input_file id="fl-c3">
         <path>E:\ti\ccstheia141\ccs\tools\compiler\ti-cgt-armllvm_3.2.2.LTS\lib\clang\15.0.7\lib\armv6m-ti-none-eabi\</path>
         <kind>archive</kind>
         <file>libclang_rt.builtins.a</file>
         <name>muldf3.S.obj</name>
      </input_file>
      <input_file id="fl-c4">
         <path>E:\ti\ccstheia141\ccs\tools\compiler\ti-cgt-armllvm_3.2.2.LTS\lib\clang\15.0.7\lib\armv6m-ti-none-eabi\</path>
         <kind>archive</kind>
         <file>libclang_rt.builtins.a</file>
         <name>muldsi3.S.obj</name>
      </input_file>
      <input_file id="fl-c5">
         <path>E:\ti\ccstheia141\ccs\tools\compiler\ti-cgt-armllvm_3.2.2.LTS\lib\clang\15.0.7\lib\armv6m-ti-none-eabi\</path>
         <kind>archive</kind>
         <file>libclang_rt.builtins.a</file>
         <name>mulsf3.S.obj</name>
      </input_file>
      <input_file id="fl-c6">
         <path>E:\ti\ccstheia141\ccs\tools\compiler\ti-cgt-armllvm_3.2.2.LTS\lib\clang\15.0.7\lib\armv6m-ti-none-eabi\</path>
         <kind>archive</kind>
         <file>libclang_rt.builtins.a</file>
         <name>divsf3.S.obj</name>
      </input_file>
      <input_file id="fl-c7">
         <path>E:\ti\ccstheia141\ccs\tools\compiler\ti-cgt-armllvm_3.2.2.LTS\lib\clang\15.0.7\lib\armv6m-ti-none-eabi\</path>
         <kind>archive</kind>
         <file>libclang_rt.builtins.a</file>
         <name>divdf3.S.obj</name>
      </input_file>
      <input_file id="fl-c8">
         <path>E:\ti\ccstheia141\ccs\tools\compiler\ti-cgt-armllvm_3.2.2.LTS\lib\clang\15.0.7\lib\armv6m-ti-none-eabi\</path>
         <kind>archive</kind>
         <file>libclang_rt.builtins.a</file>
         <name>extendsfdf2.S.obj</name>
      </input_file>
      <input_file id="fl-c9">
         <path>E:\ti\ccstheia141\ccs\tools\compiler\ti-cgt-armllvm_3.2.2.LTS\lib\clang\15.0.7\lib\armv6m-ti-none-eabi\</path>
         <kind>archive</kind>
         <file>libclang_rt.builtins.a</file>
         <name>fixdfsi.S.obj</name>
      </input_file>
      <input_file id="fl-ca">
         <path>E:\ti\ccstheia141\ccs\tools\compiler\ti-cgt-armllvm_3.2.2.LTS\lib\clang\15.0.7\lib\armv6m-ti-none-eabi\</path>
         <kind>archive</kind>
         <file>libclang_rt.builtins.a</file>
         <name>fixsfsi.S.obj</name>
      </input_file>
      <input_file id="fl-cb">
         <path>E:\ti\ccstheia141\ccs\tools\compiler\ti-cgt-armllvm_3.2.2.LTS\lib\clang\15.0.7\lib\armv6m-ti-none-eabi\</path>
         <kind>archive</kind>
         <file>libclang_rt.builtins.a</file>
         <name>fixunsdfsi.S.obj</name>
      </input_file>
      <input_file id="fl-cc">
         <path>E:\ti\ccstheia141\ccs\tools\compiler\ti-cgt-armllvm_3.2.2.LTS\lib\clang\15.0.7\lib\armv6m-ti-none-eabi\</path>
         <kind>archive</kind>
         <file>libclang_rt.builtins.a</file>
         <name>floatsidf.S.obj</name>
      </input_file>
      <input_file id="fl-cd">
         <path>E:\ti\ccstheia141\ccs\tools\compiler\ti-cgt-armllvm_3.2.2.LTS\lib\clang\15.0.7\lib\armv6m-ti-none-eabi\</path>
         <kind>archive</kind>
         <file>libclang_rt.builtins.a</file>
         <name>floatsisf.S.obj</name>
      </input_file>
      <input_file id="fl-ce">
         <path>E:\ti\ccstheia141\ccs\tools\compiler\ti-cgt-armllvm_3.2.2.LTS\lib\clang\15.0.7\lib\armv6m-ti-none-eabi\</path>
         <kind>archive</kind>
         <file>libclang_rt.builtins.a</file>
         <name>floatunsidf.S.obj</name>
      </input_file>
      <input_file id="fl-cf">
         <path>E:\ti\ccstheia141\ccs\tools\compiler\ti-cgt-armllvm_3.2.2.LTS\lib\clang\15.0.7\lib\armv6m-ti-none-eabi\</path>
         <kind>archive</kind>
         <file>libclang_rt.builtins.a</file>
         <name>floatunsisf.S.obj</name>
      </input_file>
      <input_file id="fl-d0">
         <path>E:\ti\ccstheia141\ccs\tools\compiler\ti-cgt-armllvm_3.2.2.LTS\lib\clang\15.0.7\lib\armv6m-ti-none-eabi\</path>
         <kind>archive</kind>
         <file>libclang_rt.builtins.a</file>
         <name>muldi3.S.obj</name>
      </input_file>
      <input_file id="fl-d1">
         <path>E:\ti\ccstheia141\ccs\tools\compiler\ti-cgt-armllvm_3.2.2.LTS\lib\clang\15.0.7\lib\armv6m-ti-none-eabi\</path>
         <kind>archive</kind>
         <file>libclang_rt.builtins.a</file>
         <name>truncdfsf2.S.obj</name>
      </input_file>
      <input_file id="fl-d2">
         <path>E:\ti\ccstheia141\ccs\tools\compiler\ti-cgt-armllvm_3.2.2.LTS\lib\clang\15.0.7\lib\armv6m-ti-none-eabi\</path>
         <kind>archive</kind>
         <file>libclang_rt.builtins.a</file>
         <name>aeabi_dcmp.S.obj</name>
      </input_file>
      <input_file id="fl-d3">
         <path>E:\ti\ccstheia141\ccs\tools\compiler\ti-cgt-armllvm_3.2.2.LTS\lib\clang\15.0.7\lib\armv6m-ti-none-eabi\</path>
         <kind>archive</kind>
         <file>libclang_rt.builtins.a</file>
         <name>aeabi_fcmp.S.obj</name>
      </input_file>
      <input_file id="fl-d4">
         <path>E:\ti\ccstheia141\ccs\tools\compiler\ti-cgt-armllvm_3.2.2.LTS\lib\clang\15.0.7\lib\armv6m-ti-none-eabi\</path>
         <kind>archive</kind>
         <file>libclang_rt.builtins.a</file>
         <name>aeabi_idivmod.S.obj</name>
      </input_file>
      <input_file id="fl-d5">
         <path>E:\ti\ccstheia141\ccs\tools\compiler\ti-cgt-armllvm_3.2.2.LTS\lib\clang\15.0.7\lib\armv6m-ti-none-eabi\</path>
         <kind>archive</kind>
         <file>libclang_rt.builtins.a</file>
         <name>aeabi_memcpy.S.obj</name>
      </input_file>
      <input_file id="fl-d6">
         <path>E:\ti\ccstheia141\ccs\tools\compiler\ti-cgt-armllvm_3.2.2.LTS\lib\clang\15.0.7\lib\armv6m-ti-none-eabi\</path>
         <kind>archive</kind>
         <file>libclang_rt.builtins.a</file>
         <name>aeabi_memset.S.obj</name>
      </input_file>
      <input_file id="fl-d7">
         <path>E:\ti\ccstheia141\ccs\tools\compiler\ti-cgt-armllvm_3.2.2.LTS\lib\clang\15.0.7\lib\armv6m-ti-none-eabi\</path>
         <kind>archive</kind>
         <file>libclang_rt.builtins.a</file>
         <name>aeabi_uidivmod.S.obj</name>
      </input_file>
      <input_file id="fl-d8">
         <path>E:\ti\ccstheia141\ccs\tools\compiler\ti-cgt-armllvm_3.2.2.LTS\lib\clang\15.0.7\lib\armv6m-ti-none-eabi\</path>
         <kind>archive</kind>
         <file>libclang_rt.builtins.a</file>
         <name>aeabi_uldivmod.S.obj</name>
      </input_file>
      <input_file id="fl-d9">
         <path>E:\ti\ccstheia141\ccs\tools\compiler\ti-cgt-armllvm_3.2.2.LTS\lib\clang\15.0.7\lib\armv6m-ti-none-eabi\</path>
         <kind>archive</kind>
         <file>libclang_rt.builtins.a</file>
         <name>comparesf2.S.obj</name>
      </input_file>
      <input_file id="fl-da">
         <path>E:\ti\ccstheia141\ccs\tools\compiler\ti-cgt-armllvm_3.2.2.LTS\lib\clang\15.0.7\lib\armv6m-ti-none-eabi\</path>
         <kind>archive</kind>
         <file>libclang_rt.builtins.a</file>
         <name>udivmoddi4.S.obj</name>
      </input_file>
      <input_file id="fl-db">
         <path>E:\ti\ccstheia141\ccs\tools\compiler\ti-cgt-armllvm_3.2.2.LTS\lib\clang\15.0.7\lib\armv6m-ti-none-eabi\</path>
         <kind>archive</kind>
         <file>libclang_rt.builtins.a</file>
         <name>ashldi3.S.obj</name>
      </input_file>
      <input_file id="fl-dc">
         <path>E:\ti\ccstheia141\ccs\tools\compiler\ti-cgt-armllvm_3.2.2.LTS\lib\clang\15.0.7\lib\armv6m-ti-none-eabi\</path>
         <kind>archive</kind>
         <file>libclang_rt.builtins.a</file>
         <name>comparedf2.c.obj</name>
      </input_file>
      <input_file id="fl-dd">
         <path>E:\ti\ccstheia141\ccs\tools\compiler\ti-cgt-armllvm_3.2.2.LTS\lib\clang\15.0.7\lib\armv6m-ti-none-eabi\</path>
         <kind>archive</kind>
         <file>libclang_rt.builtins.a</file>
         <name>aeabi_div0.c.obj</name>
      </input_file>
      <input_file id="fl-de">
         <path>E:\ti\ccstheia141\ccs\tools\compiler\ti-cgt-armllvm_3.2.2.LTS\lib\armv6m-ti-none-eabi\c\</path>
         <kind>archive</kind>
         <file>libc.a</file>
         <name>getdevice.c.obj</name>
      </input_file>
      <input_file id="fl-df">
         <path>E:\ti\ccstheia141\ccs\tools\compiler\ti-cgt-armllvm_3.2.2.LTS\lib\armv6m-ti-none-eabi\c\</path>
         <kind>archive</kind>
         <file>libc.a</file>
         <name>memcpy16.S.obj</name>
      </input_file>
      <input_file id="fl-e0">
         <path>E:\ti\ccstheia141\ccs\tools\compiler\ti-cgt-armllvm_3.2.2.LTS\lib\armv6m-ti-none-eabi\c\</path>
         <kind>archive</kind>
         <file>libc.a</file>
         <name>memset16.S.obj</name>
      </input_file>
   </input_file_list>
   <object_component_list>
      <object_component id="oc-18">
         <name>.intvecs</name>
         <load_address>0x0</load_address>
         <readonly>true</readonly>
         <run_address>0x0</run_address>
         <size>0xc0</size>
         <alignment>0x4</alignment>
         <input_file_ref idref="fl-3"/>
      </object_component>
      <object_component id="oc-183">
         <name>.text.pow</name>
         <load_address>0xc0</load_address>
         <readonly>true</readonly>
         <executable>true</executable>
         <run_address>0xc0</run_address>
         <size>0xa70</size>
         <alignment>0x4</alignment>
         <input_file_ref idref="fl-27"/>
      </object_component>
      <object_component id="oc-25d">
         <name>.text:__TI_printfi</name>
         <load_address>0xb30</load_address>
         <readonly>true</readonly>
         <executable>true</executable>
         <run_address>0xb30</run_address>
         <size>0xa00</size>
         <alignment>0x4</alignment>
         <input_file_ref idref="fl-39"/>
      </object_component>
      <object_component id="oc-ba">
         <name>.text.main</name>
         <load_address>0x1530</load_address>
         <readonly>true</readonly>
         <executable>true</executable>
         <run_address>0x1530</run_address>
         <size>0x9c0</size>
         <alignment>0x4</alignment>
         <input_file_ref idref="fl-1"/>
      </object_component>
      <object_component id="oc-26a">
         <name>.text.__kernel_rem_pio2</name>
         <load_address>0x1ef0</load_address>
         <readonly>true</readonly>
         <executable>true</executable>
         <run_address>0x1ef0</run_address>
         <size>0x658</size>
         <alignment>0x4</alignment>
         <input_file_ref idref="fl-2d"/>
      </object_component>
      <object_component id="oc-105">
         <name>.text.KEY_SCAN</name>
         <load_address>0x2548</load_address>
         <readonly>true</readonly>
         <executable>true</executable>
         <run_address>0x2548</run_address>
         <size>0x51c</size>
         <alignment>0x4</alignment>
         <input_file_ref idref="fl-1"/>
      </object_component>
      <object_component id="oc-1c0">
         <name>.text.sin</name>
         <load_address>0x2a64</load_address>
         <readonly>true</readonly>
         <executable>true</executable>
         <run_address>0x2a64</run_address>
         <size>0x458</size>
         <alignment>0x4</alignment>
         <input_file_ref idref="fl-2b"/>
      </object_component>
      <object_component id="oc-1ba">
         <name>.text.cos</name>
         <load_address>0x2ebc</load_address>
         <readonly>true</readonly>
         <executable>true</executable>
         <run_address>0x2ebc</run_address>
         <size>0x440</size>
         <alignment>0x4</alignment>
         <input_file_ref idref="fl-29"/>
      </object_component>
      <object_component id="oc-110">
         <name>.text.wave_style</name>
         <load_address>0x32fc</load_address>
         <readonly>true</readonly>
         <executable>true</executable>
         <run_address>0x32fc</run_address>
         <size>0x404</size>
         <alignment>0x4</alignment>
         <input_file_ref idref="fl-1"/>
      </object_component>
      <object_component id="oc-2c3">
         <name>.text._pconv_a</name>
         <load_address>0x3700</load_address>
         <readonly>true</readonly>
         <executable>true</executable>
         <run_address>0x3700</run_address>
         <size>0x220</size>
         <alignment>0x4</alignment>
         <input_file_ref idref="fl-39"/>
      </object_component>
      <object_component id="oc-10a">
         <name>.text.FFT</name>
         <load_address>0x3920</load_address>
         <readonly>true</readonly>
         <executable>true</executable>
         <run_address>0x3920</run_address>
         <size>0x218</size>
         <alignment>0x4</alignment>
         <input_file_ref idref="fl-4"/>
      </object_component>
      <object_component id="oc-2c6">
         <name>.text._pconv_g</name>
         <load_address>0x3b38</load_address>
         <readonly>true</readonly>
         <executable>true</executable>
         <run_address>0x3b38</run_address>
         <size>0x1dc</size>
         <alignment>0x4</alignment>
         <input_file_ref idref="fl-39"/>
      </object_component>
      <object_component id="oc-de">
         <name>.text.adddf3_subdf3</name>
         <load_address>0x3d14</load_address>
         <readonly>true</readonly>
         <executable>true</executable>
         <run_address>0x3d14</run_address>
         <size>0x192</size>
         <alignment>0x4</alignment>
         <input_file_ref idref="fl-c2"/>
      </object_component>
      <object_component id="oc-175">
         <name>.text.__aeabi_idiv0</name>
         <load_address>0x3ea6</load_address>
         <readonly>true</readonly>
         <executable>true</executable>
         <run_address>0x3ea6</run_address>
         <size>0x2</size>
         <alignment>0x2</alignment>
         <input_file_ref idref="fl-dd"/>
      </object_component>
      <object_component id="oc-1ca">
         <name>.text.sqrt</name>
         <load_address>0x3ea8</load_address>
         <readonly>true</readonly>
         <executable>true</executable>
         <run_address>0x3ea8</run_address>
         <size>0x184</size>
         <alignment>0x4</alignment>
         <input_file_ref idref="fl-28"/>
      </object_component>
      <object_component id="oc-39">
         <name>.text.TIMG6_IRQHandler</name>
         <load_address>0x402c</load_address>
         <readonly>true</readonly>
         <executable>true</executable>
         <run_address>0x402c</run_address>
         <size>0x174</size>
         <alignment>0x4</alignment>
         <input_file_ref idref="fl-1"/>
      </object_component>
      <object_component id="oc-273">
         <name>.text.__kernel_sin</name>
         <load_address>0x41a0</load_address>
         <readonly>true</readonly>
         <executable>true</executable>
         <run_address>0x41a0</run_address>
         <size>0x168</size>
         <alignment>0x4</alignment>
         <input_file_ref idref="fl-3f"/>
      </object_component>
      <object_component id="oc-d8">
         <name>.text.cubicsp</name>
         <load_address>0x4308</load_address>
         <readonly>true</readonly>
         <executable>true</executable>
         <run_address>0x4308</run_address>
         <size>0x164</size>
         <alignment>0x4</alignment>
         <input_file_ref idref="fl-1"/>
      </object_component>
      <object_component id="oc-25e">
         <name>.text.__kernel_cos</name>
         <load_address>0x446c</load_address>
         <readonly>true</readonly>
         <executable>true</executable>
         <run_address>0x446c</run_address>
         <size>0x150</size>
         <alignment>0x4</alignment>
         <input_file_ref idref="fl-3e"/>
      </object_component>
      <object_component id="oc-2ca">
         <name>.text.floor</name>
         <load_address>0x45bc</load_address>
         <readonly>true</readonly>
         <executable>true</executable>
         <run_address>0x45bc</run_address>
         <size>0x144</size>
         <alignment>0x4</alignment>
         <input_file_ref idref="fl-40"/>
      </object_component>
      <object_component id="oc-34">
         <name>.text.ADC0_IRQHandler</name>
         <load_address>0x4700</load_address>
         <readonly>true</readonly>
         <executable>true</executable>
         <run_address>0x4700</run_address>
         <size>0x140</size>
         <alignment>0x4</alignment>
         <input_file_ref idref="fl-1"/>
      </object_component>
      <object_component id="oc-111">
         <name>.text.oled_update</name>
         <load_address>0x4840</load_address>
         <readonly>true</readonly>
         <executable>true</executable>
         <run_address>0x4840</run_address>
         <size>0x140</size>
         <alignment>0x4</alignment>
         <input_file_ref idref="fl-1"/>
      </object_component>
      <object_component id="oc-2fb">
         <name>.text.fcvt</name>
         <load_address>0x4980</load_address>
         <readonly>true</readonly>
         <executable>true</executable>
         <run_address>0x4980</run_address>
         <size>0x13c</size>
         <alignment>0x4</alignment>
         <input_file_ref idref="fl-39"/>
      </object_component>
      <object_component id="oc-3a">
         <name>.text.I2C0_IRQHandler</name>
         <load_address>0x4abc</load_address>
         <readonly>true</readonly>
         <executable>true</executable>
         <run_address>0x4abc</run_address>
         <size>0x12c</size>
         <alignment>0x4</alignment>
         <input_file_ref idref="fl-5"/>
      </object_component>
      <object_component id="oc-2c4">
         <name>.text._pconv_e</name>
         <load_address>0x4be8</load_address>
         <readonly>true</readonly>
         <executable>true</executable>
         <run_address>0x4be8</run_address>
         <size>0x120</size>
         <alignment>0x4</alignment>
         <input_file_ref idref="fl-39"/>
      </object_component>
      <object_component id="oc-1da">
         <name>.text.OLED_ShowChar</name>
         <load_address>0x4d08</load_address>
         <readonly>true</readonly>
         <executable>true</executable>
         <run_address>0x4d08</run_address>
         <size>0x118</size>
         <alignment>0x4</alignment>
         <input_file_ref idref="fl-5"/>
      </object_component>
      <object_component id="oc-1cf">
         <name>.text.float2int</name>
         <load_address>0x4e20</load_address>
         <readonly>true</readonly>
         <executable>true</executable>
         <run_address>0x4e20</run_address>
         <size>0x118</size>
         <alignment>0x4</alignment>
         <input_file_ref idref="fl-1"/>
      </object_component>
      <object_component id="oc-67">
         <name>.text.__divdf3</name>
         <load_address>0x4f38</load_address>
         <readonly>true</readonly>
         <executable>true</executable>
         <run_address>0x4f38</run_address>
         <size>0x10c</size>
         <alignment>0x4</alignment>
         <input_file_ref idref="fl-c7"/>
      </object_component>
      <object_component id="oc-f9">
         <name>.text.OLED_Init</name>
         <load_address>0x5044</load_address>
         <readonly>true</readonly>
         <executable>true</executable>
         <run_address>0x5044</run_address>
         <size>0x100</size>
         <alignment>0x2</alignment>
         <input_file_ref idref="fl-5"/>
      </object_component>
      <object_component id="oc-90">
         <name>.text.PwmServo_Handle</name>
         <load_address>0x5144</load_address>
         <readonly>true</readonly>
         <executable>true</executable>
         <run_address>0x5144</run_address>
         <size>0xec</size>
         <alignment>0x4</alignment>
         <input_file_ref idref="fl-1"/>
      </object_component>
      <object_component id="oc-19d">
         <name>.text.SYSCFG_DL_GPIO_init</name>
         <load_address>0x5230</load_address>
         <readonly>true</readonly>
         <executable>true</executable>
         <run_address>0x5230</run_address>
         <size>0xec</size>
         <alignment>0x4</alignment>
         <input_file_ref idref="fl-2"/>
      </object_component>
      <object_component id="oc-22c">
         <name>.text.DL_Timer_initTimerMode</name>
         <load_address>0x531c</load_address>
         <readonly>true</readonly>
         <executable>true</executable>
         <run_address>0x531c</run_address>
         <size>0xe8</size>
         <alignment>0x4</alignment>
         <input_file_ref idref="fl-17"/>
      </object_component>
      <object_component id="oc-70">
         <name>.text.__muldf3</name>
         <load_address>0x5404</load_address>
         <readonly>true</readonly>
         <executable>true</executable>
         <run_address>0x5404</run_address>
         <size>0xe4</size>
         <alignment>0x4</alignment>
         <input_file_ref idref="fl-c3"/>
      </object_component>
      <object_component id="oc-1ac">
         <name>.text.OLED_WR_Byte</name>
         <load_address>0x54e8</load_address>
         <readonly>true</readonly>
         <executable>true</executable>
         <run_address>0x54e8</run_address>
         <size>0xdc</size>
         <alignment>0x4</alignment>
         <input_file_ref idref="fl-5"/>
      </object_component>
      <object_component id="oc-203">
         <name>.text.scalbn</name>
         <load_address>0x55c4</load_address>
         <readonly>true</readonly>
         <executable>true</executable>
         <run_address>0x55c4</run_address>
         <size>0xd8</size>
         <alignment>0x4</alignment>
         <input_file_ref idref="fl-2a"/>
      </object_component>
      <object_component id="oc-112">
         <name>.text</name>
         <load_address>0x569c</load_address>
         <readonly>true</readonly>
         <executable>true</executable>
         <run_address>0x569c</run_address>
         <size>0xd8</size>
         <alignment>0x4</alignment>
         <input_file_ref idref="fl-c1"/>
      </object_component>
      <object_component id="oc-29f">
         <name>.text.DL_Timer_initPWMMode</name>
         <load_address>0x5774</load_address>
         <readonly>true</readonly>
         <executable>true</executable>
         <run_address>0x5774</run_address>
         <size>0xc4</size>
         <alignment>0x4</alignment>
         <input_file_ref idref="fl-17"/>
      </object_component>
      <object_component id="oc-10f">
         <name>.text.GetMag</name>
         <load_address>0x5838</load_address>
         <readonly>true</readonly>
         <executable>true</executable>
         <run_address>0x5838</run_address>
         <size>0xc0</size>
         <alignment>0x4</alignment>
         <input_file_ref idref="fl-4"/>
      </object_component>
      <object_component id="oc-1a3">
         <name>.text.SYSCFG_DL_ADC12_0_init</name>
         <load_address>0x58f8</load_address>
         <readonly>true</readonly>
         <executable>true</executable>
         <run_address>0x58f8</run_address>
         <size>0xac</size>
         <alignment>0x4</alignment>
         <input_file_ref idref="fl-2"/>
      </object_component>
      <object_component id="oc-12a">
         <name>.text.wavesqu</name>
         <load_address>0x59a4</load_address>
         <readonly>true</readonly>
         <executable>true</executable>
         <run_address>0x59a4</run_address>
         <size>0xa4</size>
         <alignment>0x4</alignment>
         <input_file_ref idref="fl-1"/>
      </object_component>
      <object_component id="oc-2e8">
         <name>.text</name>
         <load_address>0x5a48</load_address>
         <readonly>true</readonly>
         <executable>true</executable>
         <run_address>0x5a48</run_address>
         <size>0xa2</size>
         <alignment>0x4</alignment>
         <input_file_ref idref="fl-da"/>
      </object_component>
      <object_component id="oc-2ff">
         <name>.text.__aeabi_ldiv0</name>
         <load_address>0x5aea</load_address>
         <readonly>true</readonly>
         <executable>true</executable>
         <run_address>0x5aea</run_address>
         <size>0x2</size>
         <alignment>0x2</alignment>
         <input_file_ref idref="fl-dd"/>
      </object_component>
      <object_component id="oc-100">
         <name>.text.PwmServo_Init</name>
         <load_address>0x5aec</load_address>
         <readonly>true</readonly>
         <executable>true</executable>
         <run_address>0x5aec</run_address>
         <size>0x94</size>
         <alignment>0x4</alignment>
         <input_file_ref idref="fl-1"/>
      </object_component>
      <object_component id="oc-14a">
         <name>.text.wavesin</name>
         <load_address>0x5b80</load_address>
         <readonly>true</readonly>
         <executable>true</executable>
         <run_address>0x5b80</run_address>
         <size>0x94</size>
         <alignment>0x4</alignment>
         <input_file_ref idref="fl-1"/>
      </object_component>
      <object_component id="oc-19c">
         <name>.text.SYSCFG_DL_initPower</name>
         <load_address>0x5c14</load_address>
         <readonly>true</readonly>
         <executable>true</executable>
         <run_address>0x5c14</run_address>
         <size>0x8c</size>
         <alignment>0x4</alignment>
         <input_file_ref idref="fl-2"/>
      </object_component>
      <object_component id="oc-116">
         <name>.text.__mulsf3</name>
         <load_address>0x5ca0</load_address>
         <readonly>true</readonly>
         <executable>true</executable>
         <run_address>0x5ca0</run_address>
         <size>0x8c</size>
         <alignment>0x4</alignment>
         <input_file_ref idref="fl-c5"/>
      </object_component>
      <object_component id="oc-14b">
         <name>.text.get_amp</name>
         <load_address>0x5d2c</load_address>
         <readonly>true</readonly>
         <executable>true</executable>
         <run_address>0x5d2c</run_address>
         <size>0x88</size>
         <alignment>0x4</alignment>
         <input_file_ref idref="fl-1"/>
      </object_component>
      <object_component id="oc-19f">
         <name>.text.SYSCFG_DL_PWM_0_init</name>
         <load_address>0x5db4</load_address>
         <readonly>true</readonly>
         <executable>true</executable>
         <run_address>0x5db4</run_address>
         <size>0x84</size>
         <alignment>0x4</alignment>
         <input_file_ref idref="fl-2"/>
      </object_component>
      <object_component id="oc-11a">
         <name>.text.__divsf3</name>
         <load_address>0x5e38</load_address>
         <readonly>true</readonly>
         <executable>true</executable>
         <run_address>0x5e38</run_address>
         <size>0x82</size>
         <alignment>0x4</alignment>
         <input_file_ref idref="fl-c6"/>
      </object_component>
      <object_component id="oc-225">
         <name>.text.DL_TimerA_initPWMMode</name>
         <load_address>0x5ebc</load_address>
         <readonly>true</readonly>
         <executable>true</executable>
         <run_address>0x5ebc</run_address>
         <size>0x80</size>
         <alignment>0x4</alignment>
         <input_file_ref idref="fl-17"/>
      </object_component>
      <object_component id="oc-1d1">
         <name>.text.findMaxMin</name>
         <load_address>0x5f3c</load_address>
         <readonly>true</readonly>
         <executable>true</executable>
         <run_address>0x5f3c</run_address>
         <size>0x7e</size>
         <alignment>0x2</alignment>
         <input_file_ref idref="fl-1"/>
      </object_component>
      <object_component id="oc-1c">
         <name>.text:decompress:lzss</name>
         <load_address>0x5fbc</load_address>
         <readonly>true</readonly>
         <executable>true</executable>
         <run_address>0x5fbc</run_address>
         <size>0x78</size>
         <alignment>0x4</alignment>
         <input_file_ref idref="fl-38"/>
      </object_component>
      <object_component id="oc-b1">
         <name>.text.__aeabi_memclr</name>
         <load_address>0x6034</load_address>
         <readonly>true</readonly>
         <executable>true</executable>
         <run_address>0x6034</run_address>
         <size>0xc</size>
         <alignment>0x4</alignment>
         <input_file_ref idref="fl-d6"/>
      </object_component>
      <object_component id="oc-6b">
         <name>.text.__truncdfsf2</name>
         <load_address>0x6040</load_address>
         <readonly>true</readonly>
         <executable>true</executable>
         <run_address>0x6040</run_address>
         <size>0x74</size>
         <alignment>0x10</alignment>
         <input_file_ref idref="fl-d1"/>
      </object_component>
      <object_component id="oc-1d2">
         <name>.text.findMax</name>
         <load_address>0x60b4</load_address>
         <readonly>true</readonly>
         <executable>true</executable>
         <run_address>0x60b4</run_address>
         <size>0x74</size>
         <alignment>0x4</alignment>
         <input_file_ref idref="fl-1"/>
      </object_component>
      <object_component id="oc-128">
         <name>.text.OLED_ShowString</name>
         <load_address>0x6128</load_address>
         <readonly>true</readonly>
         <executable>true</executable>
         <run_address>0x6128</run_address>
         <size>0x70</size>
         <alignment>0x2</alignment>
         <input_file_ref idref="fl-5"/>
      </object_component>
      <object_component id="oc-181">
         <name>.text.__gedf2</name>
         <load_address>0x6198</load_address>
         <readonly>true</readonly>
         <executable>true</executable>
         <run_address>0x6198</run_address>
         <size>0x70</size>
         <alignment>0x4</alignment>
         <input_file_ref idref="fl-dc"/>
      </object_component>
      <object_component id="oc-127">
         <name>.text.DrawPoint</name>
         <load_address>0x6208</load_address>
         <readonly>true</readonly>
         <executable>true</executable>
         <run_address>0x6208</run_address>
         <size>0x6c</size>
         <alignment>0x4</alignment>
         <input_file_ref idref="fl-1"/>
      </object_component>
      <object_component id="oc-17b">
         <name>.text.__ledf2</name>
         <load_address>0x6274</load_address>
         <readonly>true</readonly>
         <executable>true</executable>
         <run_address>0x6274</run_address>
         <size>0x6c</size>
         <alignment>0x4</alignment>
         <input_file_ref idref="fl-dc"/>
      </object_component>
      <object_component id="oc-122">
         <name>.text.OLED_Clear</name>
         <load_address>0x62e0</load_address>
         <readonly>true</readonly>
         <executable>true</executable>
         <run_address>0x62e0</run_address>
         <size>0x6a</size>
         <alignment>0x2</alignment>
         <input_file_ref idref="fl-5"/>
      </object_component>
      <object_component id="oc-6f">
         <name>.text.pulse_capture</name>
         <load_address>0x634c</load_address>
         <readonly>true</readonly>
         <executable>true</executable>
         <run_address>0x634c</run_address>
         <size>0x68</size>
         <alignment>0x4</alignment>
         <input_file_ref idref="fl-1"/>
      </object_component>
      <object_component id="oc-129">
         <name>.text.wavetri</name>
         <load_address>0x63b4</load_address>
         <readonly>true</readonly>
         <executable>true</executable>
         <run_address>0x63b4</run_address>
         <size>0x68</size>
         <alignment>0x4</alignment>
         <input_file_ref idref="fl-1"/>
      </object_component>
      <object_component id="oc-2f9">
         <name>.text._mcpy</name>
         <load_address>0x641c</load_address>
         <readonly>true</readonly>
         <executable>true</executable>
         <run_address>0x641c</run_address>
         <size>0x66</size>
         <alignment>0x2</alignment>
         <input_file_ref idref="fl-39"/>
      </object_component>
      <object_component id="oc-1a2">
         <name>.text.SYSCFG_DL_I2C_OLED_init</name>
         <load_address>0x6484</load_address>
         <readonly>true</readonly>
         <executable>true</executable>
         <run_address>0x6484</run_address>
         <size>0x64</size>
         <alignment>0x4</alignment>
         <input_file_ref idref="fl-2"/>
      </object_component>
      <object_component id="oc-d4">
         <name>.text.__aeabi_dcmp</name>
         <load_address>0x64e8</load_address>
         <readonly>true</readonly>
         <executable>true</executable>
         <run_address>0x64e8</run_address>
         <size>0x62</size>
         <alignment>0x4</alignment>
         <input_file_ref idref="fl-d2"/>
      </object_component>
      <object_component id="oc-14c">
         <name>.text.__aeabi_fcmp</name>
         <load_address>0x654c</load_address>
         <readonly>true</readonly>
         <executable>true</executable>
         <run_address>0x654c</run_address>
         <size>0x62</size>
         <alignment>0x4</alignment>
         <input_file_ref idref="fl-d3"/>
      </object_component>
      <object_component id="oc-1c6">
         <name>.text.EE</name>
         <load_address>0x65ae</load_address>
         <readonly>true</readonly>
         <executable>true</executable>
         <run_address>0x65ae</run_address>
         <size>0x60</size>
         <alignment>0x2</alignment>
         <input_file_ref idref="fl-4"/>
      </object_component>
      <object_component id="oc-9e">
         <name>.text.DL_I2C_fillControllerTXFIFO</name>
         <load_address>0x660e</load_address>
         <readonly>true</readonly>
         <executable>true</executable>
         <run_address>0x660e</run_address>
         <size>0x5e</size>
         <alignment>0x2</alignment>
         <input_file_ref idref="fl-16"/>
      </object_component>
      <object_component id="oc-2ed">
         <name>.text.frexp</name>
         <load_address>0x666c</load_address>
         <readonly>true</readonly>
         <executable>true</executable>
         <run_address>0x666c</run_address>
         <size>0x5c</size>
         <alignment>0x4</alignment>
         <input_file_ref idref="fl-41"/>
      </object_component>
      <object_component id="oc-150">
         <name>.text.get_back</name>
         <load_address>0x66c8</load_address>
         <readonly>true</readonly>
         <executable>true</executable>
         <run_address>0x66c8</run_address>
         <size>0x5c</size>
         <alignment>0x4</alignment>
         <input_file_ref idref="fl-1"/>
      </object_component>
      <object_component id="oc-2f1">
         <name>.text.__TI_ltoa</name>
         <load_address>0x6724</load_address>
         <readonly>true</readonly>
         <executable>true</executable>
         <run_address>0x6724</run_address>
         <size>0x58</size>
         <alignment>0x2</alignment>
         <input_file_ref idref="fl-44"/>
      </object_component>
      <object_component id="oc-2c5">
         <name>.text._pconv_f</name>
         <load_address>0x677c</load_address>
         <readonly>true</readonly>
         <executable>true</executable>
         <run_address>0x677c</run_address>
         <size>0x58</size>
         <alignment>0x2</alignment>
         <input_file_ref idref="fl-39"/>
      </object_component>
      <object_component id="oc-cf">
         <name>.text.__aeabi_idivmod</name>
         <load_address>0x67d4</load_address>
         <readonly>true</readonly>
         <executable>true</executable>
         <run_address>0x67d4</run_address>
         <size>0x56</size>
         <alignment>0x4</alignment>
         <input_file_ref idref="fl-d4"/>
      </object_component>
      <object_component id="oc-2f7">
         <name>.text._ecpy</name>
         <load_address>0x682a</load_address>
         <readonly>true</readonly>
         <executable>true</executable>
         <run_address>0x682a</run_address>
         <size>0x52</size>
         <alignment>0x2</alignment>
         <input_file_ref idref="fl-39"/>
      </object_component>
      <object_component id="oc-255">
         <name>.text.DL_I2C_startControllerTransfer</name>
         <load_address>0x687c</load_address>
         <readonly>true</readonly>
         <executable>true</executable>
         <run_address>0x687c</run_address>
         <size>0x50</size>
         <alignment>0x4</alignment>
         <input_file_ref idref="fl-5"/>
      </object_component>
      <object_component id="oc-245">
         <name>.text.DL_ADC12_initSingleSample</name>
         <load_address>0x68cc</load_address>
         <readonly>true</readonly>
         <executable>true</executable>
         <run_address>0x68cc</run_address>
         <size>0x4c</size>
         <alignment>0x4</alignment>
         <input_file_ref idref="fl-2"/>
      </object_component>
      <object_component id="oc-2a3">
         <name>.text.DL_DMA_initChannel</name>
         <load_address>0x6918</load_address>
         <readonly>true</readonly>
         <executable>true</executable>
         <run_address>0x6918</run_address>
         <size>0x4c</size>
         <alignment>0x4</alignment>
         <input_file_ref idref="fl-15"/>
      </object_component>
      <object_component id="oc-246">
         <name>.text.DL_ADC12_configConversionMem</name>
         <load_address>0x6964</load_address>
         <readonly>true</readonly>
         <executable>true</executable>
         <run_address>0x6964</run_address>
         <size>0x4a</size>
         <alignment>0x2</alignment>
         <input_file_ref idref="fl-2"/>
      </object_component>
      <object_component id="oc-87">
         <name>.text.__fixdfsi</name>
         <load_address>0x69b0</load_address>
         <readonly>true</readonly>
         <executable>true</executable>
         <run_address>0x69b0</run_address>
         <size>0x4a</size>
         <alignment>0x4</alignment>
         <input_file_ref idref="fl-c9"/>
      </object_component>
      <object_component id="oc-f4">
         <name>.text.SYSCFG_DL_init</name>
         <load_address>0x69fc</load_address>
         <readonly>true</readonly>
         <executable>true</executable>
         <run_address>0x69fc</run_address>
         <size>0x48</size>
         <alignment>0x4</alignment>
         <input_file_ref idref="fl-2"/>
      </object_component>
      <object_component id="oc-1a0">
         <name>.text.SYSCFG_DL_TIMER_0_init</name>
         <load_address>0x6a44</load_address>
         <readonly>true</readonly>
         <executable>true</executable>
         <run_address>0x6a44</run_address>
         <size>0x44</size>
         <alignment>0x4</alignment>
         <input_file_ref idref="fl-2"/>
      </object_component>
      <object_component id="oc-d9">
         <name>.text.__fixunsdfsi</name>
         <load_address>0x6a88</load_address>
         <readonly>true</readonly>
         <executable>true</executable>
         <run_address>0x6a88</run_address>
         <size>0x42</size>
         <alignment>0x4</alignment>
         <input_file_ref idref="fl-cb"/>
      </object_component>
      <object_component id="oc-23f">
         <name>.text.DL_ADC12_setClockConfig</name>
         <load_address>0x6acc</load_address>
         <readonly>true</readonly>
         <executable>true</executable>
         <run_address>0x6acc</run_address>
         <size>0x40</size>
         <alignment>0x4</alignment>
         <input_file_ref idref="fl-13"/>
      </object_component>
      <object_component id="oc-284">
         <name>.text.__aeabi_uidivmod</name>
         <load_address>0x6b0c</load_address>
         <readonly>true</readonly>
         <executable>true</executable>
         <run_address>0x6b0c</run_address>
         <size>0x40</size>
         <alignment>0x4</alignment>
         <input_file_ref idref="fl-d7"/>
      </object_component>
      <object_component id="oc-123">
         <name>.text.__extendsfdf2</name>
         <load_address>0x6b4c</load_address>
         <readonly>true</readonly>
         <executable>true</executable>
         <run_address>0x6b4c</run_address>
         <size>0x40</size>
         <alignment>0x4</alignment>
         <input_file_ref idref="fl-c8"/>
      </object_component>
      <object_component id="oc-2b2">
         <name>.text.atoi</name>
         <load_address>0x6b8c</load_address>
         <readonly>true</readonly>
         <executable>true</executable>
         <run_address>0x6b8c</run_address>
         <size>0x40</size>
         <alignment>0x4</alignment>
         <input_file_ref idref="fl-46"/>
      </object_component>
      <object_component id="oc-21b">
         <name>.text.DL_GPIO_initPeripheralInputFunctionFeatures</name>
         <load_address>0x6bcc</load_address>
         <readonly>true</readonly>
         <executable>true</executable>
         <run_address>0x6bcc</run_address>
         <size>0x3c</size>
         <alignment>0x4</alignment>
         <input_file_ref idref="fl-2"/>
      </object_component>
      <object_component id="oc-1d8">
         <name>.text.OLED_Set_Pos</name>
         <load_address>0x6c08</load_address>
         <readonly>true</readonly>
         <executable>true</executable>
         <run_address>0x6c08</run_address>
         <size>0x3c</size>
         <alignment>0x2</alignment>
         <input_file_ref idref="fl-5"/>
      </object_component>
      <object_component id="oc-11e">
         <name>.text.__floatsisf</name>
         <load_address>0x6c44</load_address>
         <readonly>true</readonly>
         <executable>true</executable>
         <run_address>0x6c44</run_address>
         <size>0x3c</size>
         <alignment>0x4</alignment>
         <input_file_ref idref="fl-cd"/>
      </object_component>
      <object_component id="oc-1e2">
         <name>.text.__gtsf2</name>
         <load_address>0x6c80</load_address>
         <readonly>true</readonly>
         <executable>true</executable>
         <run_address>0x6c80</run_address>
         <size>0x3c</size>
         <alignment>0x4</alignment>
         <input_file_ref idref="fl-d9"/>
      </object_component>
      <object_component id="oc-162">
         <name>.text:__TI_auto_init_nobinit_nopinit</name>
         <load_address>0x6cbc</load_address>
         <readonly>true</readonly>
         <executable>true</executable>
         <run_address>0x6cbc</run_address>
         <size>0x3c</size>
         <alignment>0x4</alignment>
         <input_file_ref idref="fl-33"/>
      </object_component>
      <object_component id="oc-1dd">
         <name>.text.__eqsf2</name>
         <load_address>0x6cf8</load_address>
         <readonly>true</readonly>
         <executable>true</executable>
         <run_address>0x6cf8</run_address>
         <size>0x3a</size>
         <alignment>0x4</alignment>
         <input_file_ref idref="fl-d9"/>
      </object_component>
      <object_component id="oc-c8">
         <name>.text.__muldsi3</name>
         <load_address>0x6d34</load_address>
         <readonly>true</readonly>
         <executable>true</executable>
         <run_address>0x6d34</run_address>
         <size>0x3a</size>
         <alignment>0x4</alignment>
         <input_file_ref idref="fl-c4"/>
      </object_component>
      <object_component id="oc-22e">
         <name>.text.DL_Timer_setPublisherChanID</name>
         <load_address>0x6d70</load_address>
         <readonly>true</readonly>
         <executable>true</executable>
         <run_address>0x6d70</run_address>
         <size>0x38</size>
         <alignment>0x4</alignment>
         <input_file_ref idref="fl-2"/>
      </object_component>
      <object_component id="oc-83">
         <name>.text.__fixsfsi</name>
         <load_address>0x6da8</load_address>
         <readonly>true</readonly>
         <executable>true</executable>
         <run_address>0x6da8</run_address>
         <size>0x38</size>
         <alignment>0x4</alignment>
         <input_file_ref idref="fl-ca"/>
      </object_component>
      <object_component id="oc-fa">
         <name>.text.sprintf</name>
         <load_address>0x6de0</load_address>
         <readonly>true</readonly>
         <executable>true</executable>
         <run_address>0x6de0</run_address>
         <size>0x38</size>
         <alignment>0x4</alignment>
         <input_file_ref idref="fl-26"/>
      </object_component>
      <object_component id="oc-21e">
         <name>.text.DL_GPIO_initDigitalInputFeatures</name>
         <load_address>0x6e18</load_address>
         <readonly>true</readonly>
         <executable>true</executable>
         <run_address>0x6e18</run_address>
         <size>0x34</size>
         <alignment>0x4</alignment>
         <input_file_ref idref="fl-2"/>
      </object_component>
      <object_component id="oc-1a1">
         <name>.text.SYSCFG_DL_TIMER_1_init</name>
         <load_address>0x6e4c</load_address>
         <readonly>true</readonly>
         <executable>true</executable>
         <run_address>0x6e4c</run_address>
         <size>0x34</size>
         <alignment>0x4</alignment>
         <input_file_ref idref="fl-2"/>
      </object_component>
      <object_component id="oc-dd">
         <name>.text.set_duty</name>
         <load_address>0x6e80</load_address>
         <readonly>true</readonly>
         <executable>true</executable>
         <run_address>0x6e80</run_address>
         <size>0x34</size>
         <alignment>0x4</alignment>
         <input_file_ref idref="fl-1"/>
      </object_component>
      <object_component id="oc-62">
         <name>.text.DL_ADC12_getMemResult</name>
         <load_address>0x6eb4</load_address>
         <readonly>true</readonly>
         <executable>true</executable>
         <run_address>0x6eb4</run_address>
         <size>0x30</size>
         <alignment>0x4</alignment>
         <input_file_ref idref="fl-1"/>
      </object_component>
      <object_component id="oc-2a2">
         <name>.text.DL_DMA_setTransferSize</name>
         <load_address>0x6ee4</load_address>
         <readonly>true</readonly>
         <executable>true</executable>
         <run_address>0x6ee4</run_address>
         <size>0x30</size>
         <alignment>0x4</alignment>
         <input_file_ref idref="fl-2"/>
      </object_component>
      <object_component id="oc-8b">
         <name>.text.PwmServo_Angle_To_Pulse</name>
         <load_address>0x6f14</load_address>
         <readonly>true</readonly>
         <executable>true</executable>
         <run_address>0x6f14</run_address>
         <size>0x30</size>
         <alignment>0x4</alignment>
         <input_file_ref idref="fl-1"/>
      </object_component>
      <object_component id="oc-2f8">
         <name>.text._fcpy</name>
         <load_address>0x6f44</load_address>
         <readonly>true</readonly>
         <executable>true</executable>
         <run_address>0x6f44</run_address>
         <size>0x30</size>
         <alignment>0x2</alignment>
         <input_file_ref idref="fl-39"/>
      </object_component>
      <object_component id="oc-24c">
         <name>.text.DL_ADC12_setDMASamplesCnt</name>
         <load_address>0x6f74</load_address>
         <readonly>true</readonly>
         <executable>true</executable>
         <run_address>0x6f74</run_address>
         <size>0x2c</size>
         <alignment>0x4</alignment>
         <input_file_ref idref="fl-2"/>
      </object_component>
      <object_component id="oc-253">
         <name>.text.SYSCFG_DL_DMA_CH0_init</name>
         <load_address>0x6fa0</load_address>
         <readonly>true</readonly>
         <executable>true</executable>
         <run_address>0x6fa0</run_address>
         <size>0x2c</size>
         <alignment>0x4</alignment>
         <input_file_ref idref="fl-2"/>
      </object_component>
      <object_component id="oc-104">
         <name>.text.__NVIC_EnableIRQ</name>
         <load_address>0x6fcc</load_address>
         <readonly>true</readonly>
         <executable>true</executable>
         <run_address>0x6fcc</run_address>
         <size>0x2c</size>
         <alignment>0x4</alignment>
         <input_file_ref idref="fl-1"/>
      </object_component>
      <object_component id="oc-1ab">
         <name>.text.__NVIC_EnableIRQ</name>
         <load_address>0x6ff8</load_address>
         <readonly>true</readonly>
         <executable>true</executable>
         <run_address>0x6ff8</run_address>
         <size>0x2c</size>
         <alignment>0x4</alignment>
         <input_file_ref idref="fl-5"/>
      </object_component>
      <object_component id="oc-63">
         <name>.text.__floatsidf</name>
         <load_address>0x7024</load_address>
         <readonly>true</readonly>
         <executable>true</executable>
         <run_address>0x7024</run_address>
         <size>0x2c</size>
         <alignment>0x4</alignment>
         <input_file_ref idref="fl-cc"/>
      </object_component>
      <object_component id="oc-2a8">
         <name>.text.DL_Common_updateReg</name>
         <load_address>0x7050</load_address>
         <readonly>true</readonly>
         <executable>true</executable>
         <run_address>0x7050</run_address>
         <size>0x28</size>
         <alignment>0x2</alignment>
         <input_file_ref idref="fl-5"/>
      </object_component>
      <object_component id="oc-29e">
         <name>.text.DL_Common_updateReg</name>
         <load_address>0x7078</load_address>
         <readonly>true</readonly>
         <executable>true</executable>
         <run_address>0x7078</run_address>
         <size>0x28</size>
         <alignment>0x2</alignment>
         <input_file_ref idref="fl-2"/>
      </object_component>
      <object_component id="oc-102">
         <name>.text.DL_DMA_setDestAddr</name>
         <load_address>0x70a0</load_address>
         <readonly>true</readonly>
         <executable>true</executable>
         <run_address>0x70a0</run_address>
         <size>0x28</size>
         <alignment>0x4</alignment>
         <input_file_ref idref="fl-1"/>
      </object_component>
      <object_component id="oc-101">
         <name>.text.DL_DMA_setSrcAddr</name>
         <load_address>0x70c8</load_address>
         <readonly>true</readonly>
         <executable>true</executable>
         <run_address>0x70c8</run_address>
         <size>0x28</size>
         <alignment>0x4</alignment>
         <input_file_ref idref="fl-1"/>
      </object_component>
      <object_component id="oc-23a">
         <name>.text.DL_I2C_setControllerRXFIFOThreshold</name>
         <load_address>0x70f0</load_address>
         <readonly>true</readonly>
         <executable>true</executable>
         <run_address>0x70f0</run_address>
         <size>0x28</size>
         <alignment>0x4</alignment>
         <input_file_ref idref="fl-2"/>
      </object_component>
      <object_component id="oc-239">
         <name>.text.DL_I2C_setControllerTXFIFOThreshold</name>
         <load_address>0x7118</load_address>
         <readonly>true</readonly>
         <executable>true</executable>
         <run_address>0x7118</run_address>
         <size>0x28</size>
         <alignment>0x4</alignment>
         <input_file_ref idref="fl-2"/>
      </object_component>
      <object_component id="oc-22d">
         <name>.text.DL_Timer_enableEvent</name>
         <load_address>0x7140</load_address>
         <readonly>true</readonly>
         <executable>true</executable>
         <run_address>0x7140</run_address>
         <size>0x28</size>
         <alignment>0x4</alignment>
         <input_file_ref idref="fl-2"/>
      </object_component>
      <object_component id="oc-106">
         <name>.text.__floatunsisf</name>
         <load_address>0x7168</load_address>
         <readonly>true</readonly>
         <executable>true</executable>
         <run_address>0x7168</run_address>
         <size>0x28</size>
         <alignment>0x4</alignment>
         <input_file_ref idref="fl-cf"/>
      </object_component>
      <object_component id="oc-5a">
         <name>.text:_c_int00_noargs</name>
         <load_address>0x7190</load_address>
         <readonly>true</readonly>
         <executable>true</executable>
         <run_address>0x7190</run_address>
         <size>0x28</size>
         <alignment>0x4</alignment>
         <input_file_ref idref="fl-31"/>
      </object_component>
      <object_component id="oc-103">
         <name>.text.DL_DMA_enableChannel</name>
         <load_address>0x71b8</load_address>
         <readonly>true</readonly>
         <executable>true</executable>
         <run_address>0x71b8</run_address>
         <size>0x26</size>
         <alignment>0x2</alignment>
         <input_file_ref idref="fl-1"/>
      </object_component>
      <object_component id="oc-235">
         <name>.text.DL_I2C_setAnalogGlitchFilterPulseWidth</name>
         <load_address>0x71de</load_address>
         <readonly>true</readonly>
         <executable>true</executable>
         <run_address>0x71de</run_address>
         <size>0x26</size>
         <alignment>0x2</alignment>
         <input_file_ref idref="fl-2"/>
      </object_component>
      <object_component id="oc-234">
         <name>.text.DL_I2C_setClockConfig</name>
         <load_address>0x7204</load_address>
         <readonly>true</readonly>
         <executable>true</executable>
         <run_address>0x7204</run_address>
         <size>0x26</size>
         <alignment>0x2</alignment>
         <input_file_ref idref="fl-16"/>
      </object_component>
      <object_component id="oc-8c">
         <name>.text.__floatunsidf</name>
         <load_address>0x722c</load_address>
         <readonly>true</readonly>
         <executable>true</executable>
         <run_address>0x722c</run_address>
         <size>0x24</size>
         <alignment>0x4</alignment>
         <input_file_ref idref="fl-ce"/>
      </object_component>
      <object_component id="oc-2ba">
         <name>.text.__muldi3</name>
         <load_address>0x7250</load_address>
         <readonly>true</readonly>
         <executable>true</executable>
         <run_address>0x7250</run_address>
         <size>0x24</size>
         <alignment>0x4</alignment>
         <input_file_ref idref="fl-d0"/>
      </object_component>
      <object_component id="oc-1aa">
         <name>.text.delay_ms</name>
         <load_address>0x7274</load_address>
         <readonly>true</readonly>
         <executable>true</executable>
         <run_address>0x7274</run_address>
         <size>0x22</size>
         <alignment>0x2</alignment>
         <input_file_ref idref="fl-5"/>
      </object_component>
      <object_component id="oc-2ab">
         <name>.text.memccpy</name>
         <load_address>0x7296</load_address>
         <readonly>true</readonly>
         <executable>true</executable>
         <run_address>0x7296</run_address>
         <size>0x22</size>
         <alignment>0x2</alignment>
         <input_file_ref idref="fl-47"/>
      </object_component>
      <object_component id="oc-247">
         <name>.text.DL_ADC12_setPowerDownMode</name>
         <load_address>0x72b8</load_address>
         <readonly>true</readonly>
         <executable>true</executable>
         <run_address>0x72b8</run_address>
         <size>0x1e</size>
         <alignment>0x2</alignment>
         <input_file_ref idref="fl-2"/>
      </object_component>
      <object_component id="oc-19e">
         <name>.text.SYSCFG_DL_SYSCTL_init</name>
         <load_address>0x72d6</load_address>
         <readonly>true</readonly>
         <executable>true</executable>
         <run_address>0x72d6</run_address>
         <size>0x1e</size>
         <alignment>0x2</alignment>
         <input_file_ref idref="fl-2"/>
      </object_component>
      <object_component id="oc-300">
         <name>.text.__ashldi3</name>
         <load_address>0x72f4</load_address>
         <readonly>true</readonly>
         <executable>true</executable>
         <run_address>0x72f4</run_address>
         <size>0x1e</size>
         <alignment>0x4</alignment>
         <input_file_ref idref="fl-db"/>
      </object_component>
      <object_component id="oc-24f">
         <name>.text.DL_ADC12_clearInterruptStatus</name>
         <load_address>0x7314</load_address>
         <readonly>true</readonly>
         <executable>true</executable>
         <run_address>0x7314</run_address>
         <size>0x1c</size>
         <alignment>0x4</alignment>
         <input_file_ref idref="fl-2"/>
      </object_component>
      <object_component id="oc-24b">
         <name>.text.DL_ADC12_enableDMA</name>
         <load_address>0x7330</load_address>
         <readonly>true</readonly>
         <executable>true</executable>
         <run_address>0x7330</run_address>
         <size>0x1c</size>
         <alignment>0x4</alignment>
         <input_file_ref idref="fl-2"/>
      </object_component>
      <object_component id="oc-24d">
         <name>.text.DL_ADC12_enableDMATrigger</name>
         <load_address>0x734c</load_address>
         <readonly>true</readonly>
         <executable>true</executable>
         <run_address>0x734c</run_address>
         <size>0x1c</size>
         <alignment>0x4</alignment>
         <input_file_ref idref="fl-2"/>
      </object_component>
      <object_component id="oc-250">
         <name>.text.DL_ADC12_enableInterrupt</name>
         <load_address>0x7368</load_address>
         <readonly>true</readonly>
         <executable>true</executable>
         <run_address>0x7368</run_address>
         <size>0x1c</size>
         <alignment>0x4</alignment>
         <input_file_ref idref="fl-2"/>
      </object_component>
      <object_component id="oc-21c">
         <name>.text.DL_GPIO_enableHiZ</name>
         <load_address>0x7384</load_address>
         <readonly>true</readonly>
         <executable>true</executable>
         <run_address>0x7384</run_address>
         <size>0x1c</size>
         <alignment>0x4</alignment>
         <input_file_ref idref="fl-2"/>
      </object_component>
      <object_component id="oc-219">
         <name>.text.DL_GPIO_initPeripheralOutputFunction</name>
         <load_address>0x73a0</load_address>
         <readonly>true</readonly>
         <executable>true</executable>
         <run_address>0x73a0</run_address>
         <size>0x1c</size>
         <alignment>0x4</alignment>
         <input_file_ref idref="fl-2"/>
      </object_component>
      <object_component id="oc-9b">
         <name>.text.DL_I2C_disableInterrupt</name>
         <load_address>0x73bc</load_address>
         <readonly>true</readonly>
         <executable>true</executable>
         <run_address>0x73bc</run_address>
         <size>0x1c</size>
         <alignment>0x4</alignment>
         <input_file_ref idref="fl-5"/>
      </object_component>
      <object_component id="oc-23c">
         <name>.text.DL_I2C_enableInterrupt</name>
         <load_address>0x73d8</load_address>
         <readonly>true</readonly>
         <executable>true</executable>
         <run_address>0x73d8</run_address>
         <size>0x1c</size>
         <alignment>0x4</alignment>
         <input_file_ref idref="fl-2"/>
      </object_component>
      <object_component id="oc-9c">
         <name>.text.DL_I2C_isControllerRXFIFOEmpty</name>
         <load_address>0x73f4</load_address>
         <readonly>true</readonly>
         <executable>true</executable>
         <run_address>0x73f4</run_address>
         <size>0x1c</size>
         <alignment>0x4</alignment>
         <input_file_ref idref="fl-5"/>
      </object_component>
      <object_component id="oc-221">
         <name>.text.DL_SYSCTL_setSYSOSCFreq</name>
         <load_address>0x7410</load_address>
         <readonly>true</readonly>
         <executable>true</executable>
         <run_address>0x7410</run_address>
         <size>0x1c</size>
         <alignment>0x4</alignment>
         <input_file_ref idref="fl-2"/>
      </object_component>
      <object_component id="oc-231">
         <name>.text.DL_Timer_enableInterrupt</name>
         <load_address>0x742c</load_address>
         <readonly>true</readonly>
         <executable>true</executable>
         <run_address>0x742c</run_address>
         <size>0x1c</size>
         <alignment>0x4</alignment>
         <input_file_ref idref="fl-2"/>
      </object_component>
      <object_component id="oc-227">
         <name>.text.DL_Timer_setCaptCompUpdateMethod</name>
         <load_address>0x7448</load_address>
         <readonly>true</readonly>
         <executable>true</executable>
         <run_address>0x7448</run_address>
         <size>0x1c</size>
         <alignment>0x4</alignment>
         <input_file_ref idref="fl-17"/>
      </object_component>
      <object_component id="oc-224">
         <name>.text.DL_Timer_setClockConfig</name>
[...]
         <name>DL_Timer_setCaptCompUpdateMethod</name>
         <value>0x7449</value>
         <object_component_ref idref="oc-227"/>
      </symbol>
      <symbol id="sm-2e9">
         <name>DL_TimerA_initPWMMode</name>
         <value>0x5ebd</value>
         <object_component_ref idref="oc-225"/>
      </symbol>
      <symbol id="sm-2fa">
         <name>sprintf</name>
         <value>0x6de1</value>
         <object_component_ref idref="oc-fa"/>
      </symbol>
      <symbol id="sm-328">
         <name>pow</name>
         <value>0xc1</value>
         <object_component_ref idref="oc-183"/>
      </symbol>
      <symbol id="sm-329">
         <name>powl</name>
         <value>0xc1</value>
         <object_component_ref idref="oc-183"/>
      </symbol>
      <symbol id="sm-333">
         <name>sqrt</name>
         <value>0x3ea9</value>
         <object_component_ref idref="oc-1ca"/>
      </symbol>
      <symbol id="sm-334">
         <name>sqrtl</name>
         <value>0x3ea9</value>
         <object_component_ref idref="oc-1ca"/>
      </symbol>
      <symbol id="sm-354">
         <name>cos</name>
         <value>0x2ebd</value>
         <object_component_ref idref="oc-1ba"/>
      </symbol>
      <symbol id="sm-355">
         <name>cosl</name>
         <value>0x2ebd</value>
         <object_component_ref idref="oc-1ba"/>
      </symbol>
      <symbol id="sm-35f">
         <name>scalbn</name>
         <value>0x55c5</value>
         <object_component_ref idref="oc-203"/>
      </symbol>
      <symbol id="sm-360">
         <name>ldexp</name>
         <value>0x55c5</value>
         <object_component_ref idref="oc-203"/>
      </symbol>
      <symbol id="sm-361">
         <name>scalbnl</name>
         <value>0x55c5</value>
         <object_component_ref idref="oc-203"/>
      </symbol>
      <symbol id="sm-362">
         <name>ldexpl</name>
         <value>0x55c5</value>
         <object_component_ref idref="oc-203"/>
      </symbol>
      <symbol id="sm-37f">
         <name>sin</name>
         <value>0x2a65</value>
         <object_component_ref idref="oc-1c0"/>
      </symbol>
      <symbol id="sm-380">
         <name>sinl</name>
         <value>0x2a65</value>
         <object_component_ref idref="oc-1c0"/>
      </symbol>
      <symbol id="sm-38b">
         <name>__aeabi_errno_addr</name>
         <value>0x7965</value>
         <object_component_ref idref="oc-1f6"/>
      </symbol>
      <symbol id="sm-38c">
         <name>__aeabi_errno</name>
         <value>0x20202b18</value>
         <object_component_ref idref="oc-294"/>
      </symbol>
      <symbol id="sm-3a8">
         <name>__kernel_rem_pio2</name>
         <value>0x1ef1</value>
         <object_component_ref idref="oc-26a"/>
      </symbol>
      <symbol id="sm-3b6">
         <name>_c_int00_noargs</name>
         <value>0x7191</value>
         <object_component_ref idref="oc-5a"/>
      </symbol>
      <symbol id="sm-3b7">
         <name>__stack</name>
         <value>0x20207e00</value>
         <object_component_ref idref="oc-1a"/>
      </symbol>
      <symbol id="sm-3c6">
         <name>__TI_auto_init_nobinit_nopinit</name>
         <value>0x6cbd</value>
         <object_component_ref idref="oc-162"/>
      </symbol>
      <symbol id="sm-3ce">
         <name>_system_pre_init</name>
         <value>0x79ed</value>
         <object_component_ref idref="oc-b6"/>
      </symbol>
      <symbol id="sm-3d9">
         <name>__TI_zero_init</name>
         <value>0x786d</value>
         <object_component_ref idref="oc-57"/>
      </symbol>
      <symbol id="sm-3e2">
         <name>__TI_decompress_none</name>
         <value>0x7829</value>
         <object_component_ref idref="oc-20"/>
      </symbol>
      <symbol id="sm-3ed">
         <name>__TI_decompress_lzss</name>
         <value>0x5fbd</value>
         <object_component_ref idref="oc-1c"/>
      </symbol>
      <symbol id="sm-436">
         <name>__TI_printfi</name>
         <value>0xb31</value>
         <object_component_ref idref="oc-25d"/>
      </symbol>
      <symbol id="sm-448">
         <name>__kernel_cos</name>
         <value>0x446d</value>
         <object_component_ref idref="oc-25e"/>
      </symbol>
      <symbol id="sm-456">
         <name>__kernel_sin</name>
         <value>0x41a1</value>
         <object_component_ref idref="oc-273"/>
      </symbol>
      <symbol id="sm-463">
         <name>floor</name>
         <value>0x45bd</value>
         <object_component_ref idref="oc-2ca"/>
      </symbol>
      <symbol id="sm-464">
         <name>floorl</name>
         <value>0x45bd</value>
         <object_component_ref idref="oc-2ca"/>
      </symbol>
      <symbol id="sm-46e">
         <name>frexp</name>
         <value>0x666d</value>
         <object_component_ref idref="oc-2ed"/>
      </symbol>
      <symbol id="sm-46f">
         <name>frexpl</name>
         <value>0x666d</value>
         <object_component_ref idref="oc-2ed"/>
      </symbol>
      <symbol id="sm-479">
         <name>abort</name>
         <value>0x79f1</value>
         <object_component_ref idref="oc-15b"/>
      </symbol>
      <symbol id="sm-47a">
         <name>C$$EXIT</name>
         <value>0x79f0</value>
         <object_component_ref idref="oc-15b"/>
      </symbol>
      <symbol id="sm-484">
         <name>__TI_ltoa</name>
         <value>0x6725</value>
         <object_component_ref idref="oc-2f1"/>
      </symbol>
      <symbol id="sm-48f">
         <name>atoi</name>
         <value>0x6b8d</value>
         <object_component_ref idref="oc-2b2"/>
      </symbol>
      <symbol id="sm-498">
         <name>memccpy</name>
         <value>0x7297</value>
         <object_component_ref idref="oc-2ab"/>
      </symbol>
      <symbol id="sm-4a1">
         <name>wcslen</name>
         <value>0x785d</value>
         <object_component_ref idref="oc-2b6"/>
      </symbol>
      <symbol id="sm-4a4">
         <name>__aeabi_ctype_table_</name>
         <value>0x8720</value>
         <object_component_ref idref="oc-2e0"/>
      </symbol>
      <symbol id="sm-4a5">
         <name>__aeabi_ctype_table_C</name>
         <value>0x8720</value>
         <object_component_ref idref="oc-2e0"/>
      </symbol>
      <symbol id="sm-4bb">
         <name>__aeabi_fadd</name>
         <value>0x56a7</value>
         <object_component_ref idref="oc-112"/>
      </symbol>
      <symbol id="sm-4bc">
         <name>__addsf3</name>
         <value>0x56a7</value>
         <object_component_ref idref="oc-112"/>
      </symbol>
      <symbol id="sm-4bd">
         <name>__aeabi_fsub</name>
         <value>0x569d</value>
         <object_component_ref idref="oc-112"/>
      </symbol>
      <symbol id="sm-4be">
         <name>__subsf3</name>
         <value>0x569d</value>
         <object_component_ref idref="oc-112"/>
      </symbol>
      <symbol id="sm-4c4">
         <name>__aeabi_dadd</name>
         <value>0x3d1f</value>
         <object_component_ref idref="oc-de"/>
      </symbol>
      <symbol id="sm-4c5">
         <name>__adddf3</name>
         <value>0x3d1f</value>
         <object_component_ref idref="oc-de"/>
      </symbol>
      <symbol id="sm-4c6">
         <name>__aeabi_dsub</name>
         <value>0x3d15</value>
         <object_component_ref idref="oc-de"/>
      </symbol>
      <symbol id="sm-4c7">
         <name>__subdf3</name>
         <value>0x3d15</value>
         <object_component_ref idref="oc-de"/>
      </symbol>
      <symbol id="sm-4d3">
         <name>__aeabi_dmul</name>
         <value>0x5405</value>
         <object_component_ref idref="oc-70"/>
      </symbol>
      <symbol id="sm-4d4">
         <name>__muldf3</name>
         <value>0x5405</value>
         <object_component_ref idref="oc-70"/>
      </symbol>
      <symbol id="sm-4dd">
         <name>__muldsi3</name>
         <value>0x6d35</value>
         <object_component_ref idref="oc-c8"/>
      </symbol>
      <symbol id="sm-4e3">
         <name>__aeabi_fmul</name>
         <value>0x5ca1</value>
         <object_component_ref idref="oc-116"/>
      </symbol>
      <symbol id="sm-4e4">
         <name>__mulsf3</name>
         <value>0x5ca1</value>
         <object_component_ref idref="oc-116"/>
      </symbol>
      <symbol id="sm-4ea">
         <name>__aeabi_fdiv</name>
         <value>0x5e39</value>
         <object_component_ref idref="oc-11a"/>
      </symbol>
      <symbol id="sm-4eb">
         <name>__divsf3</name>
         <value>0x5e39</value>
         <object_component_ref idref="oc-11a"/>
      </symbol>
      <symbol id="sm-4f1">
         <name>__aeabi_ddiv</name>
         <value>0x4f39</value>
         <object_component_ref idref="oc-67"/>
      </symbol>
      <symbol id="sm-4f2">
         <name>__divdf3</name>
         <value>0x4f39</value>
         <object_component_ref idref="oc-67"/>
      </symbol>
      <symbol id="sm-4f8">
         <name>__aeabi_f2d</name>
         <value>0x6b4d</value>
         <object_component_ref idref="oc-123"/>
      </symbol>
      <symbol id="sm-4f9">
         <name>__extendsfdf2</name>
         <value>0x6b4d</value>
         <object_component_ref idref="oc-123"/>
      </symbol>
      <symbol id="sm-4ff">
         <name>__aeabi_d2iz</name>
         <value>0x69b1</value>
         <object_component_ref idref="oc-87"/>
      </symbol>
      <symbol id="sm-500">
         <name>__fixdfsi</name>
         <value>0x69b1</value>
         <object_component_ref idref="oc-87"/>
      </symbol>
      <symbol id="sm-506">
         <name>__aeabi_f2iz</name>
         <value>0x6da9</value>
         <object_component_ref idref="oc-83"/>
      </symbol>
      <symbol id="sm-507">
         <name>__fixsfsi</name>
         <value>0x6da9</value>
         <object_component_ref idref="oc-83"/>
      </symbol>
      <symbol id="sm-50d">
         <name>__aeabi_d2uiz</name>
         <value>0x6a89</value>
         <object_component_ref idref="oc-d9"/>
      </symbol>
      <symbol id="sm-50e">
         <name>__fixunsdfsi</name>
         <value>0x6a89</value>
         <object_component_ref idref="oc-d9"/>
      </symbol>
      <symbol id="sm-514">
         <name>__aeabi_i2d</name>
         <value>0x7025</value>
         <object_component_ref idref="oc-63"/>
      </symbol>
      <symbol id="sm-515">
         <name>__floatsidf</name>
         <value>0x7025</value>
         <object_component_ref idref="oc-63"/>
      </symbol>
      <symbol id="sm-51b">
         <name>__aeabi_i2f</name>
         <value>0x6c45</value>
         <object_component_ref idref="oc-11e"/>
      </symbol>
      <symbol id="sm-51c">
         <name>__floatsisf</name>
         <value>0x6c45</value>
         <object_component_ref idref="oc-11e"/>
      </symbol>
      <symbol id="sm-522">
         <name>__aeabi_ui2d</name>
         <value>0x722d</value>
         <object_component_ref idref="oc-8c"/>
      </symbol>
      <symbol id="sm-523">
         <name>__floatunsidf</name>
         <value>0x722d</value>
         <object_component_ref idref="oc-8c"/>
      </symbol>
      <symbol id="sm-529">
         <name>__aeabi_ui2f</name>
         <value>0x7169</value>
         <object_component_ref idref="oc-106"/>
      </symbol>
      <symbol id="sm-52a">
         <name>__floatunsisf</name>
         <value>0x7169</value>
         <object_component_ref idref="oc-106"/>
      </symbol>
      <symbol id="sm-530">
         <name>__aeabi_lmul</name>
         <value>0x7251</value>
         <object_component_ref idref="oc-2ba"/>
      </symbol>
      <symbol id="sm-531">
         <name>__muldi3</name>
         <value>0x7251</value>
         <object_component_ref idref="oc-2ba"/>
      </symbol>
      <symbol id="sm-538">
         <name>__aeabi_d2f</name>
         <value>0x6041</value>
         <object_component_ref idref="oc-6b"/>
      </symbol>
      <symbol id="sm-539">
         <name>__truncdfsf2</name>
         <value>0x6041</value>
         <object_component_ref idref="oc-6b"/>
      </symbol>
      <symbol id="sm-53f">
         <name>__aeabi_dcmpeq</name>
         <value>0x64e9</value>
         <object_component_ref idref="oc-d4"/>
      </symbol>
      <symbol id="sm-540">
         <name>__aeabi_dcmplt</name>
         <value>0x64fd</value>
         <object_component_ref idref="oc-d4"/>
      </symbol>
      <symbol id="sm-541">
         <name>__aeabi_dcmple</name>
         <value>0x6511</value>
         <object_component_ref idref="oc-d4"/>
      </symbol>
      <symbol id="sm-542">
         <name>__aeabi_dcmpge</name>
         <value>0x6525</value>
         <object_component_ref idref="oc-d4"/>
      </symbol>
      <symbol id="sm-543">
         <name>__aeabi_dcmpgt</name>
         <value>0x6539</value>
         <object_component_ref idref="oc-d4"/>
      </symbol>
      <symbol id="sm-549">
         <name>__aeabi_fcmpeq</name>
         <value>0x654d</value>
         <object_component_ref idref="oc-14c"/>
      </symbol>
      <symbol id="sm-54a">
         <name>__aeabi_fcmplt</name>
         <value>0x6561</value>
         <object_component_ref idref="oc-14c"/>
      </symbol>
      <symbol id="sm-54b">
         <name>__aeabi_fcmple</name>
         <value>0x6575</value>
         <object_component_ref idref="oc-14c"/>
      </symbol>
      <symbol id="sm-54c">
         <name>__aeabi_fcmpge</name>
         <value>0x6589</value>
         <object_component_ref idref="oc-14c"/>
      </symbol>
      <symbol id="sm-54d">
         <name>__aeabi_fcmpgt</name>
         <value>0x659d</value>
         <object_component_ref idref="oc-14c"/>
      </symbol>
      <symbol id="sm-553">
         <name>__aeabi_idiv</name>
         <value>0x67d5</value>
         <object_component_ref idref="oc-cf"/>
      </symbol>
      <symbol id="sm-554">
         <name>__aeabi_idivmod</name>
         <value>0x67d5</value>
         <object_component_ref idref="oc-cf"/>
      </symbol>
      <symbol id="sm-55a">
         <name>__aeabi_memcpy</name>
         <value>0x796d</value>
         <object_component_ref idref="oc-4a"/>
      </symbol>
      <symbol id="sm-55b">
         <name>__aeabi_memcpy4</name>
         <value>0x796d</value>
         <object_component_ref idref="oc-4a"/>
      </symbol>
      <symbol id="sm-55c">
         <name>__aeabi_memcpy8</name>
         <value>0x796d</value>
         <object_component_ref idref="oc-4a"/>
      </symbol>
      <symbol id="sm-565">
         <name>__aeabi_memset</name>
         <value>0x78b9</value>
         <object_component_ref idref="oc-2aa"/>
      </symbol>
      <symbol id="sm-566">
         <name>__aeabi_memset4</name>
         <value>0x78b9</value>
         <object_component_ref idref="oc-2aa"/>
      </symbol>
      <symbol id="sm-567">
         <name>__aeabi_memset8</name>
         <value>0x78b9</value>
         <object_component_ref idref="oc-2aa"/>
      </symbol>
      <symbol id="sm-568">
         <name>__aeabi_memclr</name>
         <value>0x6035</value>
         <object_component_ref idref="oc-b1"/>
      </symbol>
      <symbol id="sm-569">
         <name>__aeabi_memclr4</name>
         <value>0x6035</value>
         <object_component_ref idref="oc-b1"/>
      </symbol>
      <symbol id="sm-56a">
         <name>__aeabi_memclr8</name>
         <value>0x6035</value>
         <object_component_ref idref="oc-b1"/>
      </symbol>
      <symbol id="sm-570">
         <name>__aeabi_uidiv</name>
         <value>0x6b0d</value>
         <object_component_ref idref="oc-284"/>
      </symbol>
      <symbol id="sm-571">
         <name>__aeabi_uidivmod</name>
         <value>0x6b0d</value>
         <object_component_ref idref="oc-284"/>
      </symbol>
      <symbol id="sm-577">
         <name>__aeabi_uldivmod</name>
         <value>0x77b9</value>
         <object_component_ref idref="oc-2bf"/>
      </symbol>
      <symbol id="sm-580">
         <name>__eqsf2</name>
         <value>0x6cf9</value>
         <object_component_ref idref="oc-1dd"/>
      </symbol>
      <symbol id="sm-581">
         <name>__lesf2</name>
         <value>0x6cf9</value>
         <object_component_ref idref="oc-1dd"/>
      </symbol>
      <symbol id="sm-582">
         <name>__ltsf2</name>
         <value>0x6cf9</value>
         <object_component_ref idref="oc-1dd"/>
      </symbol>
      <symbol id="sm-583">
         <name>__nesf2</name>
         <value>0x6cf9</value>
         <object_component_ref idref="oc-1dd"/>
      </symbol>
      <symbol id="sm-584">
         <name>__cmpsf2</name>
         <value>0x6cf9</value>
         <object_component_ref idref="oc-1dd"/>
      </symbol>
      <symbol id="sm-585">
         <name>__gtsf2</name>
         <value>0x6c81</value>
         <object_component_ref idref="oc-1e2"/>
      </symbol>
      <symbol id="sm-586">
         <name>__gesf2</name>
         <value>0x6c81</value>
         <object_component_ref idref="oc-1e2"/>
      </symbol>
      <symbol id="sm-58c">
         <name>__udivmoddi4</name>
         <value>0x5a49</value>
         <object_component_ref idref="oc-2e8"/>
      </symbol>
      <symbol id="sm-592">
         <name>__aeabi_llsl</name>
         <value>0x72f5</value>
         <object_component_ref idref="oc-300"/>
      </symbol>
      <symbol id="sm-593">
         <name>__ashldi3</name>
         <value>0x72f5</value>
         <object_component_ref idref="oc-300"/>
      </symbol>
      <symbol id="sm-5a1">
         <name>__ledf2</name>
         <value>0x6275</value>
         <object_component_ref idref="oc-17b"/>
      </symbol>
      <symbol id="sm-5a2">
         <name>__gedf2</name>
         <value>0x6199</value>
         <object_component_ref idref="oc-181"/>
      </symbol>
      <symbol id="sm-5a3">
         <name>__cmpdf2</name>
         <value>0x6275</value>
         <object_component_ref idref="oc-17b"/>
      </symbol>
      <symbol id="sm-5a4">
         <name>__eqdf2</name>
         <value>0x6275</value>
         <object_component_ref idref="oc-17b"/>
      </symbol>
      <symbol id="sm-5a5">
         <name>__ltdf2</name>
         <value>0x6275</value>
         <object_component_ref idref="oc-17b"/>
      </symbol>
      <symbol id="sm-5a6">
         <name>__nedf2</name>
         <value>0x6275</value>
         <object_component_ref idref="oc-17b"/>
      </symbol>
      <symbol id="sm-5a7">
         <name>__gtdf2</name>
         <value>0x6199</value>
         <object_component_ref idref="oc-181"/>
      </symbol>
      <symbol id="sm-5b3">
         <name>__aeabi_idiv0</name>
         <value>0x3ea7</value>
         <object_component_ref idref="oc-175"/>
      </symbol>
      <symbol id="sm-5b4">
         <name>__aeabi_ldiv0</name>
         <value>0x5aeb</value>
         <object_component_ref idref="oc-2ff"/>
      </symbol>
      <symbol id="sm-5be">
         <name>TI_memcpy_small</name>
         <value>0x7817</value>
         <object_component_ref idref="oc-ea"/>
      </symbol>
      <symbol id="sm-5c7">
         <name>TI_memset_small</name>
         <value>0x78d5</value>
         <object_component_ref idref="oc-196"/>
      </symbol>
      <symbol id="sm-5c8">
         <name>__TI_static_base__</name>
         <value>0x0</value>
      </symbol>
      <symbol id="sm-5cc">
         <name>__mpu_init</name>
         <value>0x0</value>
      </symbol>
      <symbol id="sm-5cd">
         <name>_system_post_cinit</name>
         <value>0x0</value>
      </symbol>
   </symbol_table>
   <title>Link successful</title>
</link_info>
